******************************************************************************
            TI ARM Clang Linker PC v3.2.2                      
******************************************************************************
>> Linked Sun Oct 20 22:43:59 2024

OUTPUT FILE NAME:   <5uart_loopback.out>
ENTRY POINT SYMBOL: "_c_int00_noargs"  address: 00001351


MEMORY CONFIGURATION

         name            origin    length      used     unused   attr    fill
----------------------  --------  ---------  --------  --------  ----  --------
  FLASH                 00000000   00020000  000015c0  0001ea40  R  X
  SRAM                  20200000   00008000  00000e01  000071ff  RW X
  BCR_CONFIG            41c00000   00000080  00000000  00000080  R   
  BSL_CONFIG            41c00100   00000080  00000000  00000080  R   


SEGMENT ALLOCATION MAP

run origin  load origin   length   init length attrs members
----------  ----------- ---------- ----------- ----- -------
00000000    00000000    000015c0   000015c0    r-x
  00000000    00000000    000000c0   000000c0    r-- .intvecs
  000000c0    000000c0    00001440   00001440    r-x .text
  00001500    00001500    00000038   00000038    r-- .rodata
  00001538    00001538    00000088   00000088    r-- .cinit
20200000    20200000    00000c01   00000000    rw-
  20200000    20200000    00000800   00000000    rw- .sysmem
  20200800    20200800    00000230   00000000    rw- .bss
  20200a30    20200a30    000001d1   00000000    rw- .data
20207e00    20207e00    00000200   00000000    rw-
  20207e00    20207e00    00000200   00000000    rw- .stack


SECTION ALLOCATION MAP

 output                                  attributes/
section   page    origin      length       input sections
--------  ----  ----------  ----------   ----------------
.intvecs   0    00000000    000000c0     
                  00000000    000000c0     startup_mspm0g350x_ticlang.o (.intvecs)

.text      0    000000c0    00001440     
                  000000c0    00000284     libc.a : _printfi.c.obj (.text:__TI_printfi_minimal)
                  00000344    0000012c            : memory.c.obj (.text.aligned_alloc)
                  00000470    00000104            : fputs.c.obj (.text.fputs)
                  00000574    000000ec            : memory.c.obj (.text.free)
                  00000660    000000dc            : setvbuf.c.obj (.text.setvbuf)
                  0000073c    0000009c            : fputc.c.obj (.text.fputc)
                  000007d8    0000009a            : memcpy16.S.obj (.text:memcpy)
                  00000872    00000002     startup_mspm0g350x_ticlang.o (.text.Default_Handler)
                  00000874    00000094     ti_msp_dl_config.o (.text.SYSCFG_DL_UART_0_init)
                  00000908    0000008c     uart_external_loopback_interrupt.o (.text.main)
                  00000994    0000007c     libc.a : fclose.c.obj (.text.__TI_closefile)
                  00000a10    00000078            : copy_decompress_lzss.c.obj (.text:decompress:lzss)
                  00000a88    0000006c     libsysbm.a : hostlseek.c.obj (.text.HOSTlseek)
                  00000af4    0000006c                : hostrename.c.obj (.text.HOSTrename)
                  00000b60    0000006c     libc.a : fseek.c.obj (.text.fseeko)
                  00000bcc    00000068            : getdevice.c.obj (.text.getdevice)
                  00000c34    00000064            : _io_perm.c.obj (.text.__TI_wrt_ok)
                  00000c98    00000064            : memory.c.obj (.text.split)
                  00000cfc    00000062            : memset16.S.obj (.text:memset)
                  00000d5e    00000002     libclang_rt.builtins.a : aeabi_div0.c.obj (.text.__aeabi_idiv0)
                  00000d60    00000060     libsysbm.a : hostopen.c.obj (.text.HOSTopen)
                  00000dc0    0000005c     libc.a : printf.c.obj (.text.printf)
                  00000e1c    00000058     libsysbm.a : hostread.c.obj (.text.HOSTread)
                  00000e74    00000058                : hostwrite.c.obj (.text.HOSTwrite)
                  00000ecc    00000052     libc.a : fflush.c.obj (.text.__TI_doflush)
                  00000f1e    00000002            : _lock.c.obj (.text._nop)
                  00000f20    00000050     uart_external_loopback_interrupt.o (.text.UART0_IRQHandler)
                  00000f70    00000050     libsysbm.a : close.c.obj (.text.close)
                  00000fc0    0000004c     driverlib.a : dl_uart.o (.text.DL_UART_init)
                  0000100c    00000048     libsysbm.a : hostclose.c.obj (.text.HOSTclose)
                  00001054    00000048                : hostunlink.c.obj (.text.HOSTunlink)
                  0000109c    00000040     libclang_rt.builtins.a : aeabi_uidivmod.S.obj (.text.__aeabi_uidivmod)
                  000010dc    0000003c     libc.a : autoinit.c.obj (.text:__TI_auto_init_nobinit_nopinit)
                  00001118    00000038            : getdevice.c.obj (.text.finddevice)
                  00001150    00000034     ti_msp_dl_config.o (.text.SYSCFG_DL_initPower)
                  00001184    00000034     libc.a : fopen.c.obj (.text.__TI_cleanup)
                  000011b8    00000034     libsysbm.a : trgmsg.c.obj (.text.__TI_readmsg)
                  000011ec    00000034                : trgmsg.c.obj (.text.__TI_writemsg)
                  00001220    00000034     libc.a : exit.c.obj (.text.exit)
                  00001254    00000030     ti_msp_dl_config.o (.text.SYSCFG_DL_SYSCTL_init)
                  00001284    0000002c     libsysbm.a : unlink.c.obj (.text.unlink)
                  000012b0    00000028     driverlib.a : dl_uart.o (.text.DL_Common_updateReg)
                  000012d8    00000028     libc.a : memory.c.obj (.text.free_list_insert)
                  00001300    00000028     libsysbm.a : lseek.c.obj (.text.lseek)
                  00001328    00000028                : write.c.obj (.text.write)
                  00001350    00000028     libc.a : boot_cortex_m.c.obj (.text:_c_int00_noargs)
                  00001378    00000024     driverlib.a : dl_uart.o (.text.DL_UART_setClockConfig)
                  0000139c    00000022     libc.a : memccpy.c.obj (.text.memccpy)
                  000013be    00000002     --HOLE-- [fill = 0]
                  000013c0    0000001c            : memory.c.obj (.text.free_list_remove)
                  000013dc    00000016     driverlib.a : dl_uart.o (.text.DL_UART_disable)
                  000013f2    00000016     libc.a : copy_zero_init.c.obj (.text:decompress:ZI:__TI_zero_init_nomemset)
                  00001408    00000014     driverlib.a : dl_common.o (.text.DL_Common_delayCycles)
                  0000141c    00000014     ti_msp_dl_config.o (.text.SYSCFG_DL_GPIO_init)
                  00001430    00000014     ti_msp_dl_config.o (.text.SYSCFG_DL_init)
                  00001444    00000012     libsysbm.a : hostrename.c.obj (.text.strcpy)
                  00001456    00000012     libc.a : copy_decompress_none.c.obj (.text:decompress:none)
                  00001468    00000010            : fputc.c.obj (.text.putchar)
                  00001478    0000000e            : memory.c.obj (.text.OUTLINED_FUNCTION_0)
                  00001486    00000002     --HOLE-- [fill = 0]
                  00001488    0000000e     libclang_rt.builtins.a : aeabi_memset.S.obj (.text.__aeabi_memset)
                  00001496    0000000e     libc.a : _printfi.c.obj (.text.strlen)
                  000014a4    0000000e     libsysbm.a : hostrename.c.obj (.text.strlen)
                  000014b2    00000002     --HOLE-- [fill = 0]
                  000014b4    0000000c     libclang_rt.builtins.a : aeabi_memset.S.obj (.text.__aeabi_memclr)
                  000014c0    0000000c     libc.a : memory.c.obj (.text.malloc)
                  000014cc    00000008     libclang_rt.builtins.a : aeabi_memcpy.S.obj (.text.__aeabi_memcpy)
                  000014d4    00000008     libc.a : printf.c.obj (.text._outc)
                  000014dc    00000008            : printf.c.obj (.text._outs)
                  000014e4    00000008            : fseek.c.obj (.text.fseek)
                  000014ec    00000008     libsysbm.a : remove.c.obj (.text.remove)
                  000014f4    00000004     startup_mspm0g350x_ticlang.o (.text.Reset_Handler)
                  000014f8    00000004     libc.a : pre_init.c.obj (.text._system_pre_init)
                  000014fc    00000004            : exit.c.obj (.text:abort)

.cinit     0    00001538    00000088     
                  00001538    00000062     (.cinit..data.load) [load image, compression = lzss]
                  0000159a    00000002     --HOLE-- [fill = 0]
                  0000159c    0000000c     (__TI_handler_table)
                  000015a8    00000008     (.cinit..bss.load) [load image, compression = zero_init]
                  000015b0    00000010     (__TI_cinit_table)

.rodata    0    00001500    00000038     
                  00001500    00000012     uart_external_loopback_interrupt.o (.rodata.str1.30243177888122475321)
                  00001512    00000011     libc.a : _printfi.c.obj (.rodata.str1.44690500295887128011)
                  00001523    00000001     --HOLE-- [fill = 0]
                  00001524    0000000a     ti_msp_dl_config.o (.rodata.gUART_0Config)
                  0000152e    00000004     uart_external_loopback_interrupt.o (.rodata.str1.118208894572303515681)
                  00001532    00000002     ti_msp_dl_config.o (.rodata.gUART_0ClockConfig)
                  00001534    00000004     --HOLE-- [fill = 0]

.init_array 
*          0    00000000    00000000     UNINITIALIZED

.binit     0    00000000    00000000     

.sysmem    0    20200000    00000800     UNINITIALIZED
                  20200000    00000010     libc.a : memory.c.obj (.sysmem)
                  20200010    000007f0     --HOLE--

.bss       0    20200800    00000230     UNINITIALIZED
                  20200800    00000120     libsysbm.a : trgmsg.c.obj (.bss:_CIOBUF_)
                  20200920    000000a0     libc.a : defs.c.obj (.bss.__TI_tmpnams)
                  202009c0    00000064     (.common:rxData)
                  20200a24    00000008     libsysbm.a : hostopen.c.obj (.bss.parmbuf)
                  20200a2c    00000004     libc.a : memory.c.obj (.bss.sys_free)

.data      0    20200a30    000001d1     UNINITIALIZED
                  20200a30    000000f0     libc.a : defs.c.obj (.data._ftable)
                  20200b20    00000078     libsysbm.a : host_device.c.obj (.data._device)
                  20200b98    00000050                : host_device.c.obj (.data._stream)
                  20200be8    00000008     libc.a : exit.c.obj (.data..L_MergedGlobals)
                  20200bf0    00000004            : defs.c.obj (.data.__TI_ft_end)
                  20200bf4    00000004            : _lock.c.obj (.data._lock)
                  20200bf8    00000004            : _lock.c.obj (.data._unlock)
                  20200bfc    00000001     uart_external_loopback_interrupt.o (.data.buffer_index)
                  20200bfd    00000001     uart_external_loopback_interrupt.o (.data.data_length)
                  20200bfe    00000002     --HOLE--
                  20200c00    00000001     libc.a : memory.c.obj (.data.memory_is_initialized)

.stack     0    20207e00    00000200     UNINITIALIZED
                  20207e00    00000004     libc.a : boot_cortex_m.c.obj (.stack)
                  20207e04    000001fc     --HOLE--

__llvm_prf_cnts 
*          0    20200000    00000000     UNINITIALIZED

__llvm_prf_bits 
*          0    20200000    00000000     UNINITIALIZED

MODULE SUMMARY

       Module                               code   ro data   rw data
       ------                               ----   -------   -------
    .\
       uart_external_loopback_interrupt.o   220    22        102    
       ti_msp_dl_config.o                   288    12        0      
       startup_mspm0g350x_ticlang.o         6      192       0      
    +--+------------------------------------+------+---------+---------+
       Total:                               514    226       102    
                                                                    
    C:/ti/mspm0_sdk_2_02_00_05/source/ti/driverlib/lib/ticlang/m0p/mspm0g1x0x_g3x0x/driverlib.a
       dl_uart.o                            174    0         0      
       dl_common.o                          20     0         0      
    +--+------------------------------------+------+---------+---------+
       Total:                               194    0         0      
                                                                    
    C:\ti\ccs1271\ccs\tools\compiler\ti-cgt-armllvm_3.2.2.LTS\lib\armv6m-ti-none-eabi/c/libc.a
       memory.c.obj                         730    0         5      
       _printfi.c.obj                       658    17        0      
       defs.c.obj                           0      0         404    
       fputs.c.obj                          260    0         0      
       setvbuf.c.obj                        220    0         0      
       fputc.c.obj                          172    0         0      
       getdevice.c.obj                      160    0         0      
       memcpy16.S.obj                       154    0         0      
       fclose.c.obj                         124    0         0      
       copy_decompress_lzss.c.obj           120    0         0      
       fseek.c.obj                          116    0         0      
       printf.c.obj                         108    0         0      
       _io_perm.c.obj                       100    0         0      
       memset16.S.obj                       98     0         0      
       fflush.c.obj                         82     0         0      
       exit.c.obj                           56     0         8      
       autoinit.c.obj                       60     0         0      
       fopen.c.obj                          52     0         0      
       boot_cortex_m.c.obj                  40     0         0      
       memccpy.c.obj                        34     0         0      
       copy_zero_init.c.obj                 22     0         0      
       copy_decompress_none.c.obj           18     0         0      
       _lock.c.obj                          2      0         8      
       pre_init.c.obj                       4      0         0      
    +--+------------------------------------+------+---------+---------+
       Total:                               3390   17        425    
                                                                    
    C:\ti\ccs1271\ccs\tools\compiler\ti-cgt-armllvm_3.2.2.LTS\lib\armv6m-ti-none-eabi/c/libsysbm.a
       trgmsg.c.obj                         104    0         288    
       host_device.c.obj                    0      0         200    
       hostrename.c.obj                     140    0         0      
       hostlseek.c.obj                      108    0         0      
       hostopen.c.obj                       96     0         8      
       hostread.c.obj                       88     0         0      
       hostwrite.c.obj                      88     0         0      
       close.c.obj                          80     0         0      
       hostclose.c.obj                      72     0         0      
       hostunlink.c.obj                     72     0         0      
       unlink.c.obj                         44     0         0      
       lseek.c.obj                          40     0         0      
       write.c.obj                          40     0         0      
       remove.c.obj                         8      0         0      
    +--+------------------------------------+------+---------+---------+
       Total:                               980    0         496    
                                                                    
    C:\ti\ccs1271\ccs\tools\compiler\ti-cgt-armllvm_3.2.2.LTS\lib\clang/15.0.7/lib/armv6m-ti-none-eabi/libclang_rt.builtins.a
       aeabi_uidivmod.S.obj                 64     0         0      
       aeabi_memset.S.obj                   26     0         0      
       aeabi_memcpy.S.obj                   8      0         0      
       aeabi_div0.c.obj                     2      0         0      
    +--+------------------------------------+------+---------+---------+
       Total:                               100    0         0      
                                                                    
       Heap:                                0      0         2048   
       Stack:                               0      0         512    
       Linker Generated:                    0      134       0      
    +--+------------------------------------+------+---------+---------+
       Grand Total:                         5178   377       3583   


LINKER GENERATED COPY TABLES

__TI_cinit_table @ 000015b0 records: 2, size/record: 8, table size: 16
	.data: load addr=00001538, load size=00000062 bytes, run addr=20200a30, run size=000001d1 bytes, compression=lzss
	.bss: load addr=000015a8, load size=00000008 bytes, run addr=20200800, run size=00000230 bytes, compression=zero_init


LINKER GENERATED HANDLER TABLE

__TI_handler_table @ 0000159c records: 3, size/record: 4, table size: 12
	index: 0, handler: __TI_decompress_lzss
	index: 1, handler: __TI_decompress_none
	index: 2, handler: __TI_zero_init


GLOBAL SYMBOLS: SORTED ALPHABETICALLY BY Name 

address   name                          
-------   ----                          
00000873  ADC0_IRQHandler               
00000873  ADC1_IRQHandler               
00000873  AES_IRQHandler                
000014fc  C$$EXIT                       
00001219  C$$IO$$                       
00000873  CANFD0_IRQHandler             
00000873  DAC0_IRQHandler               
00001409  DL_Common_delayCycles         
00000fc1  DL_UART_init                  
00001379  DL_UART_setClockConfig        
00000873  DMA_IRQHandler                
00000873  Default_Handler               
00000873  GROUP0_IRQHandler             
00000873  GROUP1_IRQHandler             
0000100d  HOSTclose                     
00000a89  HOSTlseek                     
00000d61  HOSTopen                      
00000e1d  HOSTread                      
00000af5  HOSTrename                    
00001055  HOSTunlink                    
00000e75  HOSTwrite                     
00000873  HardFault_Handler             
00000873  I2C0_IRQHandler               
00000873  I2C1_IRQHandler               
00000873  NMI_Handler                   
00000873  PendSV_Handler                
00000873  RTC_IRQHandler                
000014f5  Reset_Handler                 
00000873  SPI0_IRQHandler               
00000873  SPI1_IRQHandler               
00000873  SVC_Handler                   
0000141d  SYSCFG_DL_GPIO_init           
00001255  SYSCFG_DL_SYSCTL_init         
00000875  SYSCFG_DL_UART_0_init         
00001431  SYSCFG_DL_init                
00001151  SYSCFG_DL_initPower           
00000873  SysTick_Handler               
00000873  TIMA0_IRQHandler              
00000873  TIMA1_IRQHandler              
00000873  TIMG0_IRQHandler              
00000873  TIMG12_IRQHandler             
00000873  TIMG6_IRQHandler              
00000873  TIMG7_IRQHandler              
00000873  TIMG8_IRQHandler              
00000f21  UART0_IRQHandler              
00000873  UART1_IRQHandler              
00000873  UART2_IRQHandler              
00000873  UART3_IRQHandler              
20200800  _CIOBUF_                      
20200800  __CIOBUF_                     
20208000  __STACK_END                   
00000200  __STACK_SIZE                  
00000800  __SYSMEM_SIZE                 
00000000  __TI_ATRegion0_region_sz      
00000000  __TI_ATRegion0_src_addr       
00000000  __TI_ATRegion0_trg_addr       
00000000  __TI_ATRegion1_region_sz      
00000000  __TI_ATRegion1_src_addr       
00000000  __TI_ATRegion1_trg_addr       
00000000  __TI_ATRegion2_region_sz      
00000000  __TI_ATRegion2_src_addr       
00000000  __TI_ATRegion2_trg_addr       
000015b0  __TI_CINIT_Base               
000015c0  __TI_CINIT_Limit              
000015c0  __TI_CINIT_Warm               
0000159c  __TI_Handler_Table_Base       
000015a8  __TI_Handler_Table_Limit      
000010dd  __TI_auto_init_nobinit_nopinit
00001185  __TI_cleanup                  
20200be8  __TI_cleanup_ptr              
00000995  __TI_closefile                
00000a11  __TI_decompress_lzss          
00001457  __TI_decompress_none          
00000ecd  __TI_doflush                  
20200bec  __TI_dtors_ptr                
20200bf0  __TI_ft_end                   
ffffffff  __TI_pprof_out_hndl           
000000c1  __TI_printfi_minimal          
ffffffff  __TI_prof_data_size           
ffffffff  __TI_prof_data_start          
000011b9  __TI_readmsg                  
00000000  __TI_static_base__            
20200920  __TI_tmpnams                  
000011ed  __TI_writemsg                 
00000c35  __TI_wrt_ok                   
000013f3  __TI_zero_init_nomemset       
00000d5f  __aeabi_idiv0                 
000014b5  __aeabi_memclr                
000014b5  __aeabi_memclr4               
000014b5  __aeabi_memclr8               
000014cd  __aeabi_memcpy                
000014cd  __aeabi_memcpy4               
000014cd  __aeabi_memcpy8               
00001489  __aeabi_memset                
00001489  __aeabi_memset4               
00001489  __aeabi_memset8               
0000109d  __aeabi_uidiv                 
0000109d  __aeabi_uidivmod              
ffffffff  __binit__                     
UNDEFED   __mpu_init                    
20207e00  __stack                       
20200000  __start___llvm_prf_bits       
20200000  __start___llvm_prf_cnts       
20200000  __stop___llvm_prf_bits        
20200000  __stop___llvm_prf_cnts        
00001351  _c_int00_noargs               
20200b20  _device                       
20200a30  _ftable                       
20200bf4  _lock                         
00000f1f  _nop                          
20200b98  _stream                       
20200000  _sys_memory                   
UNDEFED   _system_post_cinit            
000014f9  _system_pre_init              
20200bf8  _unlock                       
000014fd  abort                         
00000345  aligned_alloc                 
ffffffff  binit                         
20200bfc  buffer_index                  
00000f71  close                         
20200bfd  data_length                   
00001221  exit                          
00001119  finddevice                    
0000073d  fputc                         
00000471  fputs                         
00000575  free                          
000014e5  fseek                         
00000b61  fseeko                        
00000bcd  getdevice                     
00000000  interruptVectors              
00001301  lseek                         
00000909  main                          
000014c1  malloc                        
00000345  memalign                      
0000139d  memccpy                       
000007d9  memcpy                        
00000cfd  memset                        
20200a24  parmbuf                       
00000dc1  printf                        
00001469  putchar                       
000014ed  remove                        
202009c0  rxData                        
00000661  setvbuf                       
00001285  unlink                        
00001329  write                         


GLOBAL SYMBOLS: SORTED BY Symbol Address 

address   name                          
-------   ----                          
00000000  __TI_ATRegion0_region_sz      
00000000  __TI_ATRegion0_src_addr       
00000000  __TI_ATRegion0_trg_addr       
00000000  __TI_ATRegion1_region_sz      
00000000  __TI_ATRegion1_src_addr       
00000000  __TI_ATRegion1_trg_addr       
00000000  __TI_ATRegion2_region_sz      
00000000  __TI_ATRegion2_src_addr       
00000000  __TI_ATRegion2_trg_addr       
00000000  __TI_static_base__            
00000000  interruptVectors              
000000c1  __TI_printfi_minimal          
00000200  __STACK_SIZE                  
00000345  aligned_alloc                 
00000345  memalign                      
00000471  fputs                         
00000575  free                          
00000661  setvbuf                       
0000073d  fputc                         
000007d9  memcpy                        
00000800  __SYSMEM_SIZE                 
00000873  ADC0_IRQHandler               
00000873  ADC1_IRQHandler               
00000873  AES_IRQHandler                
00000873  CANFD0_IRQHandler             
00000873  DAC0_IRQHandler               
00000873  DMA_IRQHandler                
00000873  Default_Handler               
00000873  GROUP0_IRQHandler             
00000873  GROUP1_IRQHandler             
00000873  HardFault_Handler             
00000873  I2C0_IRQHandler               
00000873  I2C1_IRQHandler               
00000873  NMI_Handler                   
00000873  PendSV_Handler                
00000873  RTC_IRQHandler                
00000873  SPI0_IRQHandler               
00000873  SPI1_IRQHandler               
00000873  SVC_Handler                   
00000873  SysTick_Handler               
00000873  TIMA0_IRQHandler              
00000873  TIMA1_IRQHandler              
00000873  TIMG0_IRQHandler              
00000873  TIMG12_IRQHandler             
00000873  TIMG6_IRQHandler              
00000873  TIMG7_IRQHandler              
00000873  TIMG8_IRQHandler              
00000873  UART1_IRQHandler              
00000873  UART2_IRQHandler              
00000873  UART3_IRQHandler              
00000875  SYSCFG_DL_UART_0_init         
00000909  main                          
00000995  __TI_closefile                
00000a11  __TI_decompress_lzss          
00000a89  HOSTlseek                     
00000af5  HOSTrename                    
00000b61  fseeko                        
00000bcd  getdevice                     
00000c35  __TI_wrt_ok                   
00000cfd  memset                        
00000d5f  __aeabi_idiv0                 
00000d61  HOSTopen                      
00000dc1  printf                        
00000e1d  HOSTread                      
00000e75  HOSTwrite                     
00000ecd  __TI_doflush                  
00000f1f  _nop                          
00000f21  UART0_IRQHandler              
00000f71  close                         
00000fc1  DL_UART_init                  
0000100d  HOSTclose                     
00001055  HOSTunlink                    
0000109d  __aeabi_uidiv                 
0000109d  __aeabi_uidivmod              
000010dd  __TI_auto_init_nobinit_nopinit
00001119  finddevice                    
00001151  SYSCFG_DL_initPower           
00001185  __TI_cleanup                  
000011b9  __TI_readmsg                  
000011ed  __TI_writemsg                 
00001219  C$$IO$$                       
00001221  exit                          
00001255  SYSCFG_DL_SYSCTL_init         
00001285  unlink                        
00001301  lseek                         
00001329  write                         
00001351  _c_int00_noargs               
00001379  DL_UART_setClockConfig        
0000139d  memccpy                       
000013f3  __TI_zero_init_nomemset       
00001409  DL_Common_delayCycles         
0000141d  SYSCFG_DL_GPIO_init           
00001431  SYSCFG_DL_init                
00001457  __TI_decompress_none          
00001469  putchar                       
00001489  __aeabi_memset                
00001489  __aeabi_memset4               
00001489  __aeabi_memset8               
000014b5  __aeabi_memclr                
000014b5  __aeabi_memclr4               
000014b5  __aeabi_memclr8               
000014c1  malloc                        
000014cd  __aeabi_memcpy                
000014cd  __aeabi_memcpy4               
000014cd  __aeabi_memcpy8               
000014e5  fseek                         
000014ed  remove                        
000014f5  Reset_Handler                 
000014f9  _system_pre_init              
000014fc  C$$EXIT                       
000014fd  abort                         
0000159c  __TI_Handler_Table_Base       
000015a8  __TI_Handler_Table_Limit      
000015b0  __TI_CINIT_Base               
000015c0  __TI_CINIT_Limit              
000015c0  __TI_CINIT_Warm               
20200000  __start___llvm_prf_bits       
20200000  __start___llvm_prf_cnts       
20200000  __stop___llvm_prf_bits        
20200000  __stop___llvm_prf_cnts        
20200000  _sys_memory                   
20200800  _CIOBUF_                      
20200800  __CIOBUF_                     
20200920  __TI_tmpnams                  
202009c0  rxData                        
20200a24  parmbuf                       
20200a30  _ftable                       
20200b20  _device                       
20200b98  _stream                       
20200be8  __TI_cleanup_ptr              
20200bec  __TI_dtors_ptr                
20200bf0  __TI_ft_end                   
20200bf4  _lock                         
20200bf8  _unlock                       
20200bfc  buffer_index                  
20200bfd  data_length                   
20207e00  __stack                       
20208000  __STACK_END                   
ffffffff  __TI_pprof_out_hndl           
ffffffff  __TI_prof_data_size           
ffffffff  __TI_prof_data_start          
ffffffff  __binit__                     
ffffffff  binit                         
UNDEFED   __mpu_init                    
UNDEFED   _system_post_cinit            

[145 symbols]
