******************************************************************************
            TI ARM Clang Linker PC v3.2.2                      
******************************************************************************
>> Linked Sat Oct 19 10:00:44 2024

OUTPUT FILE NAME:   <uart_external_loopback_interrupt_LP_MSPM0G3507_nortos_ticlang.out>
ENTRY POINT SYMBOL: "_c_int00_noargs"  address: 00000401


MEMORY CONFIGURATION

         name            origin    length      used     unused   attr    fill
----------------------  --------  ---------  --------  --------  ----  --------
  FLASH                 00000000   00020000  00000568  0001fa98  R  X
  SRAM                  20200000   00008000  00000203  00007dfd  RW X
  BCR_CONFIG            41c00000   00000080  00000000  00000080  R   
  BSL_CONFIG            41c00100   00000080  00000000  00000080  R   


SEGMENT ALLOCATION MAP

run origin  load origin   length   init length attrs members
----------  ----------- ---------- ----------- ----- -------
00000000    00000000    00000568   00000568    r-x
  00000000    00000000    000000c0   000000c0    r-- .intvecs
  000000c0    000000c0    00000468   00000468    r-x .text
  00000528    00000528    00000010   00000010    r-- .rodata
  00000538    00000538    00000030   00000030    r-- .cinit
20200000    20200000    00000003   00000000    rw-
  20200000    20200000    00000002   00000000    rw- .data
  20200002    20200002    00000001   00000000    rw- .bss
20207e00    20207e00    00000200   00000000    rw-
  20207e00    20207e00    00000200   00000000    rw- .stack


SECTION ALLOCATION MAP

 output                                  attributes/
section   page    origin      length       input sections
--------  ----  ----------  ----------   ----------------
.intvecs   0    00000000    000000c0     
                  00000000    000000c0     startup_mspm0g350x_ticlang.o (.intvecs)

.text      0    000000c0    00000468     
                  000000c0    0000009a     libc.a : memcpy16.S.obj (.text:memcpy)
                  0000015a    00000002     startup_mspm0g350x_ticlang.o (.text.Default_Handler)
                  0000015c    00000078     libc.a : copy_decompress_lzss.c.obj (.text:decompress:lzss)
                  000001d4    00000070     ti_msp_dl_config.o (.text.SYSCFG_DL_UART_0_init)
                  00000244    0000006c     uart_external_loopback_interrupt.o (.text.main)
                  000002b0    0000004c     driverlib.a : dl_uart.o (.text.DL_UART_init)
                  000002fc    0000003c     uart_external_loopback_interrupt.o (.text.UART0_IRQHandler)
                  00000338    0000003c     libc.a : autoinit.c.obj (.text:__TI_auto_init_nobinit_nopinit)
                  00000374    00000034     ti_msp_dl_config.o (.text.SYSCFG_DL_initPower)
                  000003a8    00000030     ti_msp_dl_config.o (.text.SYSCFG_DL_SYSCTL_init)
                  000003d8    00000028     driverlib.a : dl_uart.o (.text.DL_Common_updateReg)
                  00000400    00000028     libc.a : boot_cortex_m.c.obj (.text:_c_int00_noargs)
                  00000428    00000024     driverlib.a : dl_uart.o (.text.DL_UART_setClockConfig)
                  0000044c    00000020                 : dl_uart.o (.text.DL_UART_receiveDataBlocking)
                  0000046c    00000018                 : dl_uart.o (.text.DL_UART_isRXFIFOEmpty)
                  00000484    00000016                 : dl_uart.o (.text.DL_UART_disable)
                  0000049a    00000016     libc.a : copy_zero_init.c.obj (.text:decompress:ZI:__TI_zero_init_nomemset)
                  000004b0    00000014     driverlib.a : dl_common.o (.text.DL_Common_delayCycles)
                  000004c4    00000014                 : dl_uart.o (.text.DL_UART_receiveData)
                  000004d8    00000014     ti_msp_dl_config.o (.text.SYSCFG_DL_GPIO_init)
                  000004ec    00000014     ti_msp_dl_config.o (.text.SYSCFG_DL_init)
                  00000500    00000012     libc.a : copy_decompress_none.c.obj (.text:decompress:none)
                  00000512    00000002     --HOLE-- [fill = 0]
                  00000514    00000008     libclang_rt.builtins.a : aeabi_memcpy.S.obj (.text.__aeabi_memcpy)
                  0000051c    00000004     startup_mspm0g350x_ticlang.o (.text.Reset_Handler)
                  00000520    00000004     libc.a : pre_init.c.obj (.text._system_pre_init)
                  00000524    00000004            : exit.c.obj (.text:abort)

.cinit     0    00000538    00000030     
                  00000538    0000000c     (__TI_handler_table)
                  00000544    00000008     (.cinit..bss.load) [load image, compression = zero_init]
                  0000054c    00000006     (.cinit..data.load) [load image, compression = lzss]
                  00000552    00000002     --HOLE-- [fill = 0]
                  00000554    00000010     (__TI_cinit_table)
                  00000564    00000004     --HOLE-- [fill = 0]

.rodata    0    00000528    00000010     
                  00000528    0000000a     ti_msp_dl_config.o (.rodata.gUART_0Config)
                  00000532    00000002     ti_msp_dl_config.o (.rodata.gUART_0ClockConfig)
                  00000534    00000004     --HOLE-- [fill = 0]

.init_array 
*          0    00000000    00000000     UNINITIALIZED

.binit     0    00000000    00000000     

.data      0    20200000    00000002     UNINITIALIZED
                  20200000    00000001     uart_external_loopback_interrupt.o (.data.rxData)
                  20200001    00000001     uart_external_loopback_interrupt.o (.data.txData)

.bss       0    20200002    00000001     UNINITIALIZED
                  20200002    00000001     (.common:dataReceived)

.stack     0    20207e00    00000200     UNINITIALIZED
                  20207e00    00000004     libc.a : boot_cortex_m.c.obj (.stack)
                  20207e04    000001fc     --HOLE--

__llvm_prf_cnts 
*          0    20200000    00000000     UNINITIALIZED

__llvm_prf_bits 
*          0    20200000    00000000     UNINITIALIZED

MODULE SUMMARY

       Module                               code   ro data   rw data
       ------                               ----   -------   -------
    .\
       ti_msp_dl_config.o                   252    12        0      
       startup_mspm0g350x_ticlang.o         6      192       0      
       uart_external_loopback_interrupt.o   168    0         3      
    +--+------------------------------------+------+---------+---------+
       Total:                               426    204       3      
                                                                    
    C:/ti/mspm0_sdk_2_02_00_05/source/ti/driverlib/lib/ticlang/m0p/mspm0g1x0x_g3x0x/driverlib.a
       dl_uart.o                            250    0         0      
       dl_common.o                          20     0         0      
    +--+------------------------------------+------+---------+---------+
       Total:                               270    0         0      
                                                                    
    C:\ti\ccs1271\ccs\tools\compiler\ti-cgt-armllvm_3.2.2.LTS\lib\armv6m-ti-none-eabi/c/libc.a
       memcpy16.S.obj                       154    0         0      
       copy_decompress_lzss.c.obj           120    0         0      
       autoinit.c.obj                       60     0         0      
       boot_cortex_m.c.obj                  40     0         0      
       copy_zero_init.c.obj                 22     0         0      
       copy_decompress_none.c.obj           18     0         0      
       exit.c.obj                           4      0         0      
       pre_init.c.obj                       4      0         0      
    +--+------------------------------------+------+---------+---------+
       Total:                               422    0         0      
                                                                    
    C:\ti\ccs1271\ccs\tools\compiler\ti-cgt-armllvm_3.2.2.LTS\lib\clang/15.0.7/lib/armv6m-ti-none-eabi/libclang_rt.builtins.a
       aeabi_memcpy.S.obj                   8      0         0      
    +--+------------------------------------+------+---------+---------+
       Total:                               8      0         0      
                                                                    
       Stack:                               0      0         512    
       Linker Generated:                    0      42        0      
    +--+------------------------------------+------+---------+---------+
       Grand Total:                         1126   246       515    


LINKER GENERATED COPY TABLES

__TI_cinit_table @ 00000554 records: 2, size/record: 8, table size: 16
	.bss: load addr=00000544, load size=00000008 bytes, run addr=20200002, run size=00000001 bytes, compression=zero_init
	.data: load addr=0000054c, load size=00000006 bytes, run addr=20200000, run size=00000002 bytes, compression=lzss


LINKER GENERATED HANDLER TABLE

__TI_handler_table @ 00000538 records: 3, size/record: 4, table size: 12
	index: 0, handler: __TI_decompress_lzss
	index: 1, handler: __TI_decompress_none
	index: 2, handler: __TI_zero_init


GLOBAL SYMBOLS: SORTED ALPHABETICALLY BY Name 

address   name                          
-------   ----                          
0000015b  ADC0_IRQHandler               
0000015b  ADC1_IRQHandler               
0000015b  AES_IRQHandler                
00000524  C$$EXIT                       
0000015b  CANFD0_IRQHandler             
0000015b  DAC0_IRQHandler               
000004b1  DL_Common_delayCycles         
000002b1  DL_UART_init                  
0000044d  DL_UART_receiveDataBlocking   
00000429  DL_UART_setClockConfig        
0000015b  DMA_IRQHandler                
0000015b  Default_Handler               
0000015b  GROUP0_IRQHandler             
0000015b  GROUP1_IRQHandler             
0000015b  HardFault_Handler             
0000015b  I2C0_IRQHandler               
0000015b  I2C1_IRQHandler               
0000015b  NMI_Handler                   
0000015b  PendSV_Handler                
0000015b  RTC_IRQHandler                
0000051d  Reset_Handler                 
0000015b  SPI0_IRQHandler               
0000015b  SPI1_IRQHandler               
0000015b  SVC_Handler                   
000004d9  SYSCFG_DL_GPIO_init           
000003a9  SYSCFG_DL_SYSCTL_init         
000001d5  SYSCFG_DL_UART_0_init         
000004ed  SYSCFG_DL_init                
00000375  SYSCFG_DL_initPower           
0000015b  SysTick_Handler               
0000015b  TIMA0_IRQHandler              
0000015b  TIMA1_IRQHandler              
0000015b  TIMG0_IRQHandler              
0000015b  TIMG12_IRQHandler             
0000015b  TIMG6_IRQHandler              
0000015b  TIMG7_IRQHandler              
0000015b  TIMG8_IRQHandler              
000002fd  UART0_IRQHandler              
0000015b  UART1_IRQHandler              
0000015b  UART2_IRQHandler              
0000015b  UART3_IRQHandler              
20208000  __STACK_END                   
00000200  __STACK_SIZE                  
00000000  __TI_ATRegion0_region_sz      
00000000  __TI_ATRegion0_src_addr       
00000000  __TI_ATRegion0_trg_addr       
00000000  __TI_ATRegion1_region_sz      
00000000  __TI_ATRegion1_src_addr       
00000000  __TI_ATRegion1_trg_addr       
00000000  __TI_ATRegion2_region_sz      
00000000  __TI_ATRegion2_src_addr       
00000000  __TI_ATRegion2_trg_addr       
00000554  __TI_CINIT_Base               
00000564  __TI_CINIT_Limit              
00000564  __TI_CINIT_Warm               
00000538  __TI_Handler_Table_Base       
00000544  __TI_Handler_Table_Limit      
00000339  __TI_auto_init_nobinit_nopinit
0000015d  __TI_decompress_lzss          
00000501  __TI_decompress_none          
ffffffff  __TI_pprof_out_hndl           
ffffffff  __TI_prof_data_size           
ffffffff  __TI_prof_data_start          
00000000  __TI_static_base__            
0000049b  __TI_zero_init_nomemset       
00000515  __aeabi_memcpy                
00000515  __aeabi_memcpy4               
00000515  __aeabi_memcpy8               
ffffffff  __binit__                     
UNDEFED   __mpu_init                    
20207e00  __stack                       
20200000  __start___llvm_prf_bits       
20200000  __start___llvm_prf_cnts       
20200000  __stop___llvm_prf_bits        
20200000  __stop___llvm_prf_cnts        
00000401  _c_int00_noargs               
UNDEFED   _system_post_cinit            
00000521  _system_pre_init              
00000525  abort                         
ffffffff  binit                         
20200002  dataReceived                  
00000000  interruptVectors              
00000245  main                          
000000c1  memcpy                        
20200000  rxData                        
20200001  txData                        


GLOBAL SYMBOLS: SORTED BY Symbol Address 

address   name                          
-------   ----                          
00000000  __TI_ATRegion0_region_sz      
00000000  __TI_ATRegion0_src_addr       
00000000  __TI_ATRegion0_trg_addr       
00000000  __TI_ATRegion1_region_sz      
00000000  __TI_ATRegion1_src_addr       
00000000  __TI_ATRegion1_trg_addr       
00000000  __TI_ATRegion2_region_sz      
00000000  __TI_ATRegion2_src_addr       
00000000  __TI_ATRegion2_trg_addr       
00000000  __TI_static_base__            
00000000  interruptVectors              
000000c1  memcpy                        
0000015b  ADC0_IRQHandler               
0000015b  ADC1_IRQHandler               
0000015b  AES_IRQHandler                
0000015b  CANFD0_IRQHandler             
0000015b  DAC0_IRQHandler               
0000015b  DMA_IRQHandler                
0000015b  Default_Handler               
0000015b  GROUP0_IRQHandler             
0000015b  GROUP1_IRQHandler             
0000015b  HardFault_Handler             
0000015b  I2C0_IRQHandler               
0000015b  I2C1_IRQHandler               
0000015b  NMI_Handler                   
0000015b  PendSV_Handler                
0000015b  RTC_IRQHandler                
0000015b  SPI0_IRQHandler               
0000015b  SPI1_IRQHandler               
0000015b  SVC_Handler                   
0000015b  SysTick_Handler               
0000015b  TIMA0_IRQHandler              
0000015b  TIMA1_IRQHandler              
0000015b  TIMG0_IRQHandler              
0000015b  TIMG12_IRQHandler             
0000015b  TIMG6_IRQHandler              
0000015b  TIMG7_IRQHandler              
0000015b  TIMG8_IRQHandler              
0000015b  UART1_IRQHandler              
0000015b  UART2_IRQHandler              
0000015b  UART3_IRQHandler              
0000015d  __TI_decompress_lzss          
000001d5  SYSCFG_DL_UART_0_init         
00000200  __STACK_SIZE                  
00000245  main                          
000002b1  DL_UART_init                  
000002fd  UART0_IRQHandler              
00000339  __TI_auto_init_nobinit_nopinit
00000375  SYSCFG_DL_initPower           
000003a9  SYSCFG_DL_SYSCTL_init         
00000401  _c_int00_noargs               
00000429  DL_UART_setClockConfig        
0000044d  DL_UART_receiveDataBlocking   
0000049b  __TI_zero_init_nomemset       
000004b1  DL_Common_delayCycles         
000004d9  SYSCFG_DL_GPIO_init           
000004ed  SYSCFG_DL_init                
00000501  __TI_decompress_none          
00000515  __aeabi_memcpy                
00000515  __aeabi_memcpy4               
00000515  __aeabi_memcpy8               
0000051d  Reset_Handler                 
00000521  _system_pre_init              
00000524  C$$EXIT                       
00000525  abort                         
00000538  __TI_Handler_Table_Base       
00000544  __TI_Handler_Table_Limit      
00000554  __TI_CINIT_Base               
00000564  __TI_CINIT_Limit              
00000564  __TI_CINIT_Warm               
20200000  __start___llvm_prf_bits       
20200000  __start___llvm_prf_cnts       
20200000  __stop___llvm_prf_bits        
20200000  __stop___llvm_prf_cnts        
20200000  rxData                        
20200001  txData                        
20200002  dataReceived                  
20207e00  __stack                       
20208000  __STACK_END                   
ffffffff  __TI_pprof_out_hndl           
ffffffff  __TI_prof_data_size           
ffffffff  __TI_prof_data_start          
ffffffff  __binit__                     
ffffffff  binit                         
UNDEFED   __mpu_init                    
UNDEFED   _system_post_cinit            

[86 symbols]
