<?xml version="1.0" encoding="ISO-8859-1" ?>
<link_info>
   <banner>TI ARM Clang Linker PC v3.2.2.LTS</banner>
   <copyright>Copyright (c) 1996-2018 Texas Instruments Incorporated</copyright>
   <link_time>0x6713581b</link_time>
   <link_errors>0x0</link_errors>
   <output_file>C:\Users\Mahak\workspace_prac\SPI_peripheral\Debug\SPI_peripheral.out</output_file>
   <entry_point>
      <name>_c_int00_noargs</name>
      <address>0x1385</address>
   </entry_point>
   <input_file_list>
      <input_file id="fl-1">
         <path>C:\Users\Mahak\workspace_prac\SPI_peripheral\Debug\.\</path>
         <kind>object</kind>
         <file>empty.o</file>
         <name>empty.o</name>
      </input_file>
      <input_file id="fl-2">
         <path>C:\Users\Mahak\workspace_prac\SPI_peripheral\Debug\.\</path>
         <kind>object</kind>
         <file>ti_msp_dl_config.o</file>
         <name>ti_msp_dl_config.o</name>
      </input_file>
      <input_file id="fl-3">
         <path>C:\Users\Mahak\workspace_prac\SPI_peripheral\Debug\.\</path>
         <kind>object</kind>
         <file>startup_mspm0g350x_ticlang.o</file>
         <name>startup_mspm0g350x_ticlang.o</name>
      </input_file>
      <input_file id="fl-10">
         <path>C:\Users\Mahak\workspace_prac\SPI_peripheral\Debug\</path>
         <kind>object</kind>
         <file>&lt;internal&gt;</file>
         <name>&lt;internal&gt;</name>
      </input_file>
      <input_file id="fl-11">
         <path>C:\ti\mspm0_sdk_2_02_00_05\source\ti\driverlib\lib\ticlang\m0p\mspm0g1x0x_g3x0x\</path>
         <kind>archive</kind>
         <file>driverlib.a</file>
         <name>dl_common.o</name>
      </input_file>
      <input_file id="fl-12">
         <path>C:\ti\mspm0_sdk_2_02_00_05\source\ti\driverlib\lib\ticlang\m0p\mspm0g1x0x_g3x0x\</path>
         <kind>archive</kind>
         <file>driverlib.a</file>
         <name>dl_spi.o</name>
      </input_file>
      <input_file id="fl-21">
         <path>C:\ti\ccs1271\ccs\tools\compiler\ti-cgt-armllvm_3.2.2.LTS\lib\armv6m-ti-none-eabi\c\</path>
         <kind>archive</kind>
         <file>libc.a</file>
         <name>printf.c.obj</name>
      </input_file>
      <input_file id="fl-22">
         <path>C:\ti\ccs1271\ccs\tools\compiler\ti-cgt-armllvm_3.2.2.LTS\lib\armv6m-ti-none-eabi\c\</path>
         <kind>archive</kind>
         <file>libc.a</file>
         <name>_printfi.c.obj</name>
      </input_file>
      <input_file id="fl-23">
         <path>C:\ti\ccs1271\ccs\tools\compiler\ti-cgt-armllvm_3.2.2.LTS\lib\armv6m-ti-none-eabi\c\</path>
         <kind>archive</kind>
         <file>libc.a</file>
         <name>fputc.c.obj</name>
      </input_file>
      <input_file id="fl-24">
         <path>C:\ti\ccs1271\ccs\tools\compiler\ti-cgt-armllvm_3.2.2.LTS\lib\armv6m-ti-none-eabi\c\</path>
         <kind>archive</kind>
         <file>libc.a</file>
         <name>fputs.c.obj</name>
      </input_file>
      <input_file id="fl-25">
         <path>C:\ti\ccs1271\ccs\tools\compiler\ti-cgt-armllvm_3.2.2.LTS\lib\armv6m-ti-none-eabi\c\</path>
         <kind>archive</kind>
         <file>libc.a</file>
         <name>_io_perm.c.obj</name>
      </input_file>
      <input_file id="fl-26">
         <path>C:\ti\ccs1271\ccs\tools\compiler\ti-cgt-armllvm_3.2.2.LTS\lib\armv6m-ti-none-eabi\c\</path>
         <kind>archive</kind>
         <file>libc.a</file>
         <name>setvbuf.c.obj</name>
      </input_file>
      <input_file id="fl-27">
         <path>C:\ti\ccs1271\ccs\tools\compiler\ti-cgt-armllvm_3.2.2.LTS\lib\armv6m-ti-none-eabi\c\</path>
         <kind>archive</kind>
         <file>libc.a</file>
         <name>s_frexp.c.obj</name>
      </input_file>
      <input_file id="fl-28">
         <path>C:\ti\ccs1271\ccs\tools\compiler\ti-cgt-armllvm_3.2.2.LTS\lib\armv6m-ti-none-eabi\c\</path>
         <kind>archive</kind>
         <file>libc.a</file>
         <name>s_scalbn.c.obj</name>
      </input_file>
      <input_file id="fl-29">
         <path>C:\ti\ccs1271\ccs\tools\compiler\ti-cgt-armllvm_3.2.2.LTS\lib\armv6m-ti-none-eabi\c\</path>
         <kind>archive</kind>
         <file>libc.a</file>
         <name>aeabi_portable.c.obj</name>
      </input_file>
      <input_file id="fl-2a">
         <path>C:\ti\ccs1271\ccs\tools\compiler\ti-cgt-armllvm_3.2.2.LTS\lib\armv6m-ti-none-eabi\c\</path>
         <kind>archive</kind>
         <file>libc.a</file>
         <name>exit.c.obj</name>
      </input_file>
      <input_file id="fl-2b">
         <path>C:\ti\ccs1271\ccs\tools\compiler\ti-cgt-armllvm_3.2.2.LTS\lib\armv6m-ti-none-eabi\c\</path>
         <kind>archive</kind>
         <file>libc.a</file>
         <name>_lock.c.obj</name>
      </input_file>
      <input_file id="fl-2c">
         <path>C:\ti\ccs1271\ccs\tools\compiler\ti-cgt-armllvm_3.2.2.LTS\lib\armv6m-ti-none-eabi\c\</path>
         <kind>archive</kind>
         <file>libc.a</file>
         <name>_ltoa.c.obj</name>
      </input_file>
      <input_file id="fl-2d">
         <path>C:\ti\ccs1271\ccs\tools\compiler\ti-cgt-armllvm_3.2.2.LTS\lib\armv6m-ti-none-eabi\c\</path>
         <kind>archive</kind>
         <file>libc.a</file>
         <name>assert.c.obj</name>
      </input_file>
      <input_file id="fl-2e">
         <path>C:\ti\ccs1271\ccs\tools\compiler\ti-cgt-armllvm_3.2.2.LTS\lib\armv6m-ti-none-eabi\c\</path>
         <kind>archive</kind>
         <file>libc.a</file>
         <name>atoi.c.obj</name>
      </input_file>
      <input_file id="fl-2f">
         <path>C:\ti\ccs1271\ccs\tools\compiler\ti-cgt-armllvm_3.2.2.LTS\lib\armv6m-ti-none-eabi\c\</path>
         <kind>archive</kind>
         <file>libc.a</file>
         <name>defs.c.obj</name>
      </input_file>
      <input_file id="fl-30">
         <path>C:\ti\ccs1271\ccs\tools\compiler\ti-cgt-armllvm_3.2.2.LTS\lib\armv6m-ti-none-eabi\c\</path>
         <kind>archive</kind>
         <file>libc.a</file>
         <name>memccpy.c.obj</name>
      </input_file>
      <input_file id="fl-31">
         <path>C:\ti\ccs1271\ccs\tools\compiler\ti-cgt-armllvm_3.2.2.LTS\lib\armv6m-ti-none-eabi\c\</path>
         <kind>archive</kind>
         <file>libc.a</file>
         <name>memory.c.obj</name>
      </input_file>
      <input_file id="fl-32">
         <path>C:\ti\ccs1271\ccs\tools\compiler\ti-cgt-armllvm_3.2.2.LTS\lib\armv6m-ti-none-eabi\c\</path>
         <kind>archive</kind>
         <file>libc.a</file>
         <name>boot_cortex_m.c.obj</name>
      </input_file>
      <input_file id="fl-33">
         <path>C:\ti\ccs1271\ccs\tools\compiler\ti-cgt-armllvm_3.2.2.LTS\lib\armv6m-ti-none-eabi\c\</path>
         <kind>archive</kind>
         <file>libc.a</file>
         <name>mathacl_init.c.obj</name>
      </input_file>
      <input_file id="fl-34">
         <path>C:\ti\ccs1271\ccs\tools\compiler\ti-cgt-armllvm_3.2.2.LTS\lib\armv6m-ti-none-eabi\c\</path>
         <kind>archive</kind>
         <file>libc.a</file>
         <name>autoinit.c.obj</name>
      </input_file>
      <input_file id="fl-35">
         <path>C:\ti\ccs1271\ccs\tools\compiler\ti-cgt-armllvm_3.2.2.LTS\lib\armv6m-ti-none-eabi\c\</path>
         <kind>archive</kind>
         <file>libc.a</file>
         <name>pre_init.c.obj</name>
      </input_file>
      <input_file id="fl-36">
         <path>C:\ti\ccs1271\ccs\tools\compiler\ti-cgt-armllvm_3.2.2.LTS\lib\armv6m-ti-none-eabi\c\</path>
         <kind>archive</kind>
         <file>libc.a</file>
         <name>cpy_tbl.c.obj</name>
      </input_file>
      <input_file id="fl-37">
         <path>C:\ti\ccs1271\ccs\tools\compiler\ti-cgt-armllvm_3.2.2.LTS\lib\armv6m-ti-none-eabi\c\</path>
         <kind>archive</kind>
         <file>libc.a</file>
         <name>copy_zero_init.c.obj</name>
      </input_file>
      <input_file id="fl-38">
         <path>C:\ti\ccs1271\ccs\tools\compiler\ti-cgt-armllvm_3.2.2.LTS\lib\armv6m-ti-none-eabi\c\</path>
         <kind>archive</kind>
         <file>libc.a</file>
         <name>copy_decompress_none.c.obj</name>
      </input_file>
      <input_file id="fl-39">
         <path>C:\ti\ccs1271\ccs\tools\compiler\ti-cgt-armllvm_3.2.2.LTS\lib\armv6m-ti-none-eabi\c\</path>
         <kind>archive</kind>
         <file>libc.a</file>
         <name>copy_decompress_lzss.c.obj</name>
      </input_file>
      <input_file id="fl-3a">
         <path>C:\ti\ccs1271\ccs\tools\compiler\ti-cgt-armllvm_3.2.2.LTS\lib\armv6m-ti-none-eabi\c\</path>
         <kind>archive</kind>
         <file>libc.a</file>
         <name>wcslen.c.obj</name>
      </input_file>
      <input_file id="fl-3b">
         <path>C:\ti\ccs1271\ccs\tools\compiler\ti-cgt-armllvm_3.2.2.LTS\lib\armv6m-ti-none-eabi\c\</path>
         <kind>archive</kind>
         <file>libc.a</file>
         <name>sprintf.c.obj</name>
      </input_file>
      <input_file id="fl-3c">
         <path>C:\ti\ccs1271\ccs\tools\compiler\ti-cgt-armllvm_3.2.2.LTS\lib\armv6m-ti-none-eabi\c\</path>
         <kind>archive</kind>
         <file>libc.a</file>
         <name>fflush.c.obj</name>
      </input_file>
      <input_file id="fl-3d">
         <path>C:\ti\ccs1271\ccs\tools\compiler\ti-cgt-armllvm_3.2.2.LTS\lib\armv6m-ti-none-eabi\c\</path>
         <kind>archive</kind>
         <file>libc.a</file>
         <name>fopen.c.obj</name>
      </input_file>
      <input_file id="fl-3e">
         <path>C:\ti\ccs1271\ccs\tools\compiler\ti-cgt-armllvm_3.2.2.LTS\lib\armv6m-ti-none-eabi\c\</path>
         <kind>archive</kind>
         <file>libc.a</file>
         <name>fseek.c.obj</name>
      </input_file>
      <input_file id="fl-3f">
         <path>C:\ti\ccs1271\ccs\tools\compiler\ti-cgt-armllvm_3.2.2.LTS\lib\armv6m-ti-none-eabi\c\</path>
         <kind>archive</kind>
         <file>libc.a</file>
         <name>aeabi_ctype.S.obj</name>
      </input_file>
      <input_file id="fl-40">
         <path>C:\ti\ccs1271\ccs\tools\compiler\ti-cgt-armllvm_3.2.2.LTS\lib\armv6m-ti-none-eabi\c\</path>
         <kind>archive</kind>
         <file>libc.a</file>
         <name>args_main.c.obj</name>
      </input_file>
      <input_file id="fl-41">
         <path>C:\ti\ccs1271\ccs\tools\compiler\ti-cgt-armllvm_3.2.2.LTS\lib\armv6m-ti-none-eabi\c\</path>
         <kind>archive</kind>
         <file>libc.a</file>
         <name>fclose.c.obj</name>
      </input_file>
      <input_file id="fl-a7">
         <path>C:\ti\ccs1271\ccs\tools\compiler\ti-cgt-armllvm_3.2.2.LTS\lib\armv6m-ti-none-eabi\c\</path>
         <kind>archive</kind>
         <file>libsysbm.a</file>
         <name>write.c.obj</name>
      </input_file>
      <input_file id="fl-a8">
         <path>C:\ti\ccs1271\ccs\tools\compiler\ti-cgt-armllvm_3.2.2.LTS\lib\armv6m-ti-none-eabi\c\</path>
         <kind>archive</kind>
         <file>libsysbm.a</file>
         <name>host_device.c.obj</name>
      </input_file>
      <input_file id="fl-a9">
         <path>C:\ti\ccs1271\ccs\tools\compiler\ti-cgt-armllvm_3.2.2.LTS\lib\armv6m-ti-none-eabi\c\</path>
         <kind>archive</kind>
         <file>libsysbm.a</file>
         <name>remove.c.obj</name>
      </input_file>
      <input_file id="fl-aa">
         <path>C:\ti\ccs1271\ccs\tools\compiler\ti-cgt-armllvm_3.2.2.LTS\lib\armv6m-ti-none-eabi\c\</path>
         <kind>archive</kind>
         <file>libsysbm.a</file>
         <name>open.c.obj</name>
      </input_file>
      <input_file id="fl-ab">
         <path>C:\ti\ccs1271\ccs\tools\compiler\ti-cgt-armllvm_3.2.2.LTS\lib\armv6m-ti-none-eabi\c\</path>
         <kind>archive</kind>
         <file>libsysbm.a</file>
         <name>lseek.c.obj</name>
      </input_file>
      <input_file id="fl-ac">
         <path>C:\ti\ccs1271\ccs\tools\compiler\ti-cgt-armllvm_3.2.2.LTS\lib\armv6m-ti-none-eabi\c\</path>
         <kind>archive</kind>
         <file>libsysbm.a</file>
         <name>close.c.obj</name>
      </input_file>
      <input_file id="fl-ad">
         <path>C:\ti\ccs1271\ccs\tools\compiler\ti-cgt-armllvm_3.2.2.LTS\lib\armv6m-ti-none-eabi\c\</path>
         <kind>archive</kind>
         <file>libsysbm.a</file>
         <name>unlink.c.obj</name>
      </input_file>
      <input_file id="fl-ae">
         <path>C:\ti\ccs1271\ccs\tools\compiler\ti-cgt-armllvm_3.2.2.LTS\lib\armv6m-ti-none-eabi\c\</path>
         <kind>archive</kind>
         <file>libsysbm.a</file>
         <name>hostclose.c.obj</name>
      </input_file>
      <input_file id="fl-af">
         <path>C:\ti\ccs1271\ccs\tools\compiler\ti-cgt-armllvm_3.2.2.LTS\lib\armv6m-ti-none-eabi\c\</path>
         <kind>archive</kind>
         <file>libsysbm.a</file>
         <name>hostlseek.c.obj</name>
      </input_file>
      <input_file id="fl-b0">
         <path>C:\ti\ccs1271\ccs\tools\compiler\ti-cgt-armllvm_3.2.2.LTS\lib\armv6m-ti-none-eabi\c\</path>
         <kind>archive</kind>
         <file>libsysbm.a</file>
         <name>hostopen.c.obj</name>
      </input_file>
      <input_file id="fl-b1">
         <path>C:\ti\ccs1271\ccs\tools\compiler\ti-cgt-armllvm_3.2.2.LTS\lib\armv6m-ti-none-eabi\c\</path>
         <kind>archive</kind>
         <file>libsysbm.a</file>
         <name>hostread.c.obj</name>
      </input_file>
      <input_file id="fl-b2">
         <path>C:\ti\ccs1271\ccs\tools\compiler\ti-cgt-armllvm_3.2.2.LTS\lib\armv6m-ti-none-eabi\c\</path>
         <kind>archive</kind>
         <file>libsysbm.a</file>
         <name>hostrename.c.obj</name>
      </input_file>
      <input_file id="fl-b3">
         <path>C:\ti\ccs1271\ccs\tools\compiler\ti-cgt-armllvm_3.2.2.LTS\lib\armv6m-ti-none-eabi\c\</path>
         <kind>archive</kind>
         <file>libsysbm.a</file>
         <name>hostunlink.c.obj</name>
      </input_file>
      <input_file id="fl-b4">
         <path>C:\ti\ccs1271\ccs\tools\compiler\ti-cgt-armllvm_3.2.2.LTS\lib\armv6m-ti-none-eabi\c\</path>
         <kind>archive</kind>
         <file>libsysbm.a</file>
         <name>hostwrite.c.obj</name>
      </input_file>
      <input_file id="fl-b5">
         <path>C:\ti\ccs1271\ccs\tools\compiler\ti-cgt-armllvm_3.2.2.LTS\lib\armv6m-ti-none-eabi\c\</path>
         <kind>archive</kind>
         <file>libsysbm.a</file>
         <name>trgmsg.c.obj</name>
      </input_file>
      <input_file id="fl-b6">
         <path>C:\ti\ccs1271\ccs\tools\compiler\ti-cgt-armllvm_3.2.2.LTS\lib\clang\15.0.7\lib\armv6m-ti-none-eabi\</path>
         <kind>archive</kind>
         <file>libclang_rt.builtins.a</file>
         <name>adddf3.S.obj</name>
      </input_file>
      <input_file id="fl-b7">
         <path>C:\ti\ccs1271\ccs\tools\compiler\ti-cgt-armllvm_3.2.2.LTS\lib\clang\15.0.7\lib\armv6m-ti-none-eabi\</path>
         <kind>archive</kind>
         <file>libclang_rt.builtins.a</file>
         <name>muldf3.S.obj</name>
      </input_file>
      <input_file id="fl-b8">
         <path>C:\ti\ccs1271\ccs\tools\compiler\ti-cgt-armllvm_3.2.2.LTS\lib\clang\15.0.7\lib\armv6m-ti-none-eabi\</path>
         <kind>archive</kind>
         <file>libclang_rt.builtins.a</file>
         <name>muldsi3.S.obj</name>
      </input_file>
      <input_file id="fl-b9">
         <path>C:\ti\ccs1271\ccs\tools\compiler\ti-cgt-armllvm_3.2.2.LTS\lib\clang\15.0.7\lib\armv6m-ti-none-eabi\</path>
         <kind>archive</kind>
         <file>libclang_rt.builtins.a</file>
         <name>divdf3.S.obj</name>
      </input_file>
      <input_file id="fl-ba">
         <path>C:\ti\ccs1271\ccs\tools\compiler\ti-cgt-armllvm_3.2.2.LTS\lib\clang\15.0.7\lib\armv6m-ti-none-eabi\</path>
         <kind>archive</kind>
         <file>libclang_rt.builtins.a</file>
         <name>fixdfsi.S.obj</name>
      </input_file>
      <input_file id="fl-bb">
         <path>C:\ti\ccs1271\ccs\tools\compiler\ti-cgt-armllvm_3.2.2.LTS\lib\clang\15.0.7\lib\armv6m-ti-none-eabi\</path>
         <kind>archive</kind>
         <file>libclang_rt.builtins.a</file>
         <name>floatsidf.S.obj</name>
      </input_file>
      <input_file id="fl-bc">
         <path>C:\ti\ccs1271\ccs\tools\compiler\ti-cgt-armllvm_3.2.2.LTS\lib\clang\15.0.7\lib\armv6m-ti-none-eabi\</path>
         <kind>archive</kind>
         <file>libclang_rt.builtins.a</file>
         <name>muldi3.S.obj</name>
      </input_file>
      <input_file id="fl-bd">
         <path>C:\ti\ccs1271\ccs\tools\compiler\ti-cgt-armllvm_3.2.2.LTS\lib\clang\15.0.7\lib\armv6m-ti-none-eabi\</path>
         <kind>archive</kind>
         <file>libclang_rt.builtins.a</file>
         <name>aeabi_dcmp.S.obj</name>
      </input_file>
      <input_file id="fl-be">
         <path>C:\ti\ccs1271\ccs\tools\compiler\ti-cgt-armllvm_3.2.2.LTS\lib\clang\15.0.7\lib\armv6m-ti-none-eabi\</path>
         <kind>archive</kind>
         <file>libclang_rt.builtins.a</file>
         <name>aeabi_idivmod.S.obj</name>
      </input_file>
      <input_file id="fl-bf">
         <path>C:\ti\ccs1271\ccs\tools\compiler\ti-cgt-armllvm_3.2.2.LTS\lib\clang\15.0.7\lib\armv6m-ti-none-eabi\</path>
         <kind>archive</kind>
         <file>libclang_rt.builtins.a</file>
         <name>aeabi_memcpy.S.obj</name>
      </input_file>
      <input_file id="fl-c0">
         <path>C:\ti\ccs1271\ccs\tools\compiler\ti-cgt-armllvm_3.2.2.LTS\lib\clang\15.0.7\lib\armv6m-ti-none-eabi\</path>
         <kind>archive</kind>
         <file>libclang_rt.builtins.a</file>
         <name>aeabi_memset.S.obj</name>
      </input_file>
      <input_file id="fl-c1">
         <path>C:\ti\ccs1271\ccs\tools\compiler\ti-cgt-armllvm_3.2.2.LTS\lib\clang\15.0.7\lib\armv6m-ti-none-eabi\</path>
         <kind>archive</kind>
         <file>libclang_rt.builtins.a</file>
         <name>aeabi_uidivmod.S.obj</name>
      </input_file>
      <input_file id="fl-c2">
         <path>C:\ti\ccs1271\ccs\tools\compiler\ti-cgt-armllvm_3.2.2.LTS\lib\clang\15.0.7\lib\armv6m-ti-none-eabi\</path>
         <kind>archive</kind>
         <file>libclang_rt.builtins.a</file>
         <name>aeabi_uldivmod.S.obj</name>
      </input_file>
      <input_file id="fl-c3">
         <path>C:\ti\ccs1271\ccs\tools\compiler\ti-cgt-armllvm_3.2.2.LTS\lib\clang\15.0.7\lib\armv6m-ti-none-eabi\</path>
         <kind>archive</kind>
         <file>libclang_rt.builtins.a</file>
         <name>udivmoddi4.S.obj</name>
      </input_file>
      <input_file id="fl-c4">
         <path>C:\ti\ccs1271\ccs\tools\compiler\ti-cgt-armllvm_3.2.2.LTS\lib\clang\15.0.7\lib\armv6m-ti-none-eabi\</path>
         <kind>archive</kind>
         <file>libclang_rt.builtins.a</file>
         <name>ashldi3.S.obj</name>
      </input_file>
      <input_file id="fl-c5">
         <path>C:\ti\ccs1271\ccs\tools\compiler\ti-cgt-armllvm_3.2.2.LTS\lib\clang\15.0.7\lib\armv6m-ti-none-eabi\</path>
         <kind>archive</kind>
         <file>libclang_rt.builtins.a</file>
         <name>comparedf2.c.obj</name>
      </input_file>
      <input_file id="fl-c6">
         <path>C:\ti\ccs1271\ccs\tools\compiler\ti-cgt-armllvm_3.2.2.LTS\lib\clang\15.0.7\lib\armv6m-ti-none-eabi\</path>
         <kind>archive</kind>
         <file>libclang_rt.builtins.a</file>
         <name>aeabi_div0.c.obj</name>
      </input_file>
      <input_file id="fl-c7">
         <path>C:\ti\ccs1271\ccs\tools\compiler\ti-cgt-armllvm_3.2.2.LTS\lib\armv6m-ti-none-eabi\c\</path>
         <kind>archive</kind>
         <file>libc.a</file>
         <name>getdevice.c.obj</name>
      </input_file>
      <input_file id="fl-c8">
         <path>C:\ti\ccs1271\ccs\tools\compiler\ti-cgt-armllvm_3.2.2.LTS\lib\armv6m-ti-none-eabi\c\</path>
         <kind>archive</kind>
         <file>libc.a</file>
         <name>memcpy16.S.obj</name>
      </input_file>
      <input_file id="fl-c9">
         <path>C:\ti\ccs1271\ccs\tools\compiler\ti-cgt-armllvm_3.2.2.LTS\lib\armv6m-ti-none-eabi\c\</path>
         <kind>archive</kind>
         <file>libc.a</file>
         <name>memset16.S.obj</name>
      </input_file>
   </input_file_list>
   <object_component_list>
      <object_component id="oc-18">
         <name>.intvecs</name>
         <load_address>0x0</load_address>
         <readonly>true</readonly>
         <run_address>0x0</run_address>
         <size>0xc0</size>
         <alignment>0x4</alignment>
         <input_file_ref idref="fl-3"/>
      </object_component>
      <object_component id="oc-b7">
         <name>.text:__TI_printfi_minimal</name>
         <load_address>0xc0</load_address>
         <readonly>true</readonly>
         <executable>true</executable>
         <run_address>0xc0</run_address>
         <size>0x284</size>
         <alignment>0x4</alignment>
         <input_file_ref idref="fl-22"/>
      </object_component>
      <object_component id="oc-1d8">
         <name>.text.aligned_alloc</name>
         <load_address>0x344</load_address>
         <readonly>true</readonly>
         <executable>true</executable>
         <run_address>0x344</run_address>
         <size>0x12c</size>
         <alignment>0x4</alignment>
         <input_file_ref idref="fl-31"/>
      </object_component>
      <object_component id="oc-c8">
         <name>.text.fputs</name>
         <load_address>0x470</load_address>
         <readonly>true</readonly>
         <executable>true</executable>
         <run_address>0x470</run_address>
         <size>0x104</size>
         <alignment>0x4</alignment>
         <input_file_ref idref="fl-24"/>
      </object_component>
      <object_component id="oc-1b8">
         <name>.text.free</name>
         <load_address>0x574</load_address>
         <readonly>true</readonly>
         <executable>true</executable>
         <run_address>0x574</run_address>
         <size>0xec</size>
         <alignment>0x4</alignment>
         <input_file_ref idref="fl-31"/>
      </object_component>
      <object_component id="oc-189">
         <name>.text.setvbuf</name>
         <load_address>0x660</load_address>
         <readonly>true</readonly>
         <executable>true</executable>
         <run_address>0x660</run_address>
         <size>0xdc</size>
         <alignment>0x4</alignment>
         <input_file_ref idref="fl-26"/>
      </object_component>
      <object_component id="oc-ce">
         <name>.text.fputc</name>
         <load_address>0x73c</load_address>
         <readonly>true</readonly>
         <executable>true</executable>
         <run_address>0x73c</run_address>
         <size>0x9c</size>
         <alignment>0x4</alignment>
         <input_file_ref idref="fl-23"/>
      </object_component>
      <object_component id="oc-92">
         <name>.text:memcpy</name>
         <load_address>0x7d8</load_address>
         <readonly>true</readonly>
         <executable>true</executable>
         <run_address>0x7d8</run_address>
         <size>0x9a</size>
         <alignment>0x1</alignment>
         <input_file_ref idref="fl-c8"/>
      </object_component>
      <object_component id="oc-33">
         <name>.text.Default_Handler</name>
         <load_address>0x872</load_address>
         <readonly>true</readonly>
         <executable>true</executable>
         <run_address>0x872</run_address>
         <size>0x2</size>
         <alignment>0x2</alignment>
         <input_file_ref idref="fl-3"/>
      </object_component>
      <object_component id="oc-1d9">
         <name>.text.__TI_closefile</name>
         <load_address>0x874</load_address>
         <readonly>true</readonly>
         <executable>true</executable>
         <run_address>0x874</run_address>
         <size>0x7c</size>
         <alignment>0x4</alignment>
         <input_file_ref idref="fl-41"/>
      </object_component>
      <object_component id="oc-1c">
         <name>.text:decompress:lzss</name>
         <load_address>0x8f0</load_address>
         <readonly>true</readonly>
         <executable>true</executable>
         <run_address>0x8f0</run_address>
         <size>0x78</size>
         <alignment>0x4</alignment>
         <input_file_ref idref="fl-39"/>
      </object_component>
      <object_component id="oc-1f2">
         <name>.text.HOSTlseek</name>
         <load_address>0x968</load_address>
         <readonly>true</readonly>
         <executable>true</executable>
         <run_address>0x968</run_address>
         <size>0x6c</size>
         <alignment>0x4</alignment>
         <input_file_ref idref="fl-af"/>
      </object_component>
      <object_component id="oc-1fa">
         <name>.text.HOSTrename</name>
         <load_address>0x9d4</load_address>
         <readonly>true</readonly>
         <executable>true</executable>
         <run_address>0x9d4</run_address>
         <size>0x6c</size>
         <alignment>0x4</alignment>
         <input_file_ref idref="fl-b2"/>
      </object_component>
      <object_component id="oc-1b5">
         <name>.text.fseeko</name>
         <load_address>0xa40</load_address>
         <readonly>true</readonly>
         <executable>true</executable>
         <run_address>0xa40</run_address>
         <size>0x6c</size>
         <alignment>0x4</alignment>
         <input_file_ref idref="fl-3e"/>
      </object_component>
      <object_component id="oc-23c">
         <name>.text.getdevice</name>
         <load_address>0xaac</load_address>
         <readonly>true</readonly>
         <executable>true</executable>
         <run_address>0xaac</run_address>
         <size>0x68</size>
         <alignment>0x4</alignment>
         <input_file_ref idref="fl-c7"/>
      </object_component>
      <object_component id="oc-39">
         <name>.text.SPI1_IRQHandler</name>
         <load_address>0xb14</load_address>
         <readonly>true</readonly>
         <executable>true</executable>
         <run_address>0xb14</run_address>
         <size>0x64</size>
         <alignment>0x4</alignment>
         <input_file_ref idref="fl-1"/>
      </object_component>
      <object_component id="oc-119">
         <name>.text.__TI_wrt_ok</name>
         <load_address>0xb78</load_address>
         <readonly>true</readonly>
         <executable>true</executable>
         <run_address>0xb78</run_address>
         <size>0x64</size>
         <alignment>0x2</alignment>
         <input_file_ref idref="fl-25"/>
      </object_component>
      <object_component id="oc-204">
         <name>.text.split</name>
         <load_address>0xbdc</load_address>
         <readonly>true</readonly>
         <executable>true</executable>
         <run_address>0xbdc</run_address>
         <size>0x64</size>
         <alignment>0x4</alignment>
         <input_file_ref idref="fl-31"/>
      </object_component>
      <object_component id="oc-da">
         <name>.text:memset</name>
         <load_address>0xc40</load_address>
         <readonly>true</readonly>
         <executable>true</executable>
         <run_address>0xc40</run_address>
         <size>0x62</size>
         <alignment>0x1</alignment>
         <input_file_ref idref="fl-c9"/>
      </object_component>
      <object_component id="oc-139">
         <name>.text.__aeabi_idiv0</name>
         <load_address>0xca2</load_address>
         <readonly>true</readonly>
         <executable>true</executable>
         <run_address>0xca2</run_address>
         <size>0x2</size>
         <alignment>0x2</alignment>
         <input_file_ref idref="fl-c6"/>
      </object_component>
      <object_component id="oc-1e2">
         <name>.text.HOSTopen</name>
         <load_address>0xca4</load_address>
         <readonly>true</readonly>
         <executable>true</executable>
         <run_address>0xca4</run_address>
         <size>0x60</size>
         <alignment>0x4</alignment>
         <input_file_ref idref="fl-b0"/>
      </object_component>
      <object_component id="oc-61">
         <name>.text.printf</name>
         <load_address>0xd04</load_address>
         <readonly>true</readonly>
         <executable>true</executable>
         <run_address>0xd04</run_address>
         <size>0x5c</size>
         <alignment>0x4</alignment>
         <input_file_ref idref="fl-21"/>
      </object_component>
      <object_component id="oc-1ea">
         <name>.text.HOSTread</name>
         <load_address>0xd60</load_address>
         <readonly>true</readonly>
         <executable>true</executable>
         <run_address>0xd60</run_address>
         <size>0x58</size>
         <alignment>0x4</alignment>
         <input_file_ref idref="fl-b1"/>
      </object_component>
      <object_component id="oc-1ee">
         <name>.text.HOSTwrite</name>
         <load_address>0xdb8</load_address>
         <readonly>true</readonly>
         <executable>true</executable>
         <run_address>0xdb8</run_address>
         <size>0x58</size>
         <alignment>0x4</alignment>
         <input_file_ref idref="fl-b4"/>
      </object_component>
      <object_component id="oc-76">
         <name>.text.main</name>
         <load_address>0xe10</load_address>
         <readonly>true</readonly>
         <executable>true</executable>
         <run_address>0xe10</run_address>
         <size>0x58</size>
         <alignment>0x4</alignment>
         <input_file_ref idref="fl-1"/>
      </object_component>
      <object_component id="oc-123">
         <name>.text.__TI_doflush</name>
         <load_address>0xe68</load_address>
         <readonly>true</readonly>
         <executable>true</executable>
         <run_address>0xe68</run_address>
         <size>0x52</size>
         <alignment>0x2</alignment>
         <input_file_ref idref="fl-3c"/>
      </object_component>
      <object_component id="oc-bf">
         <name>.text._nop</name>
         <load_address>0xeba</load_address>
         <readonly>true</readonly>
         <executable>true</executable>
         <run_address>0xeba</run_address>
         <size>0x2</size>
         <alignment>0x2</alignment>
         <input_file_ref idref="fl-2b"/>
      </object_component>
      <object_component id="oc-206">
         <name>.text.close</name>
         <load_address>0xebc</load_address>
         <readonly>true</readonly>
         <executable>true</executable>
         <run_address>0xebc</run_address>
         <size>0x50</size>
         <alignment>0x4</alignment>
         <input_file_ref idref="fl-ac"/>
      </object_component>
      <object_component id="oc-df">
         <name>.text.SYSCFG_DL_SPI_0_init</name>
         <load_address>0xf0c</load_address>
         <readonly>true</readonly>
         <executable>true</executable>
         <run_address>0xf0c</run_address>
         <size>0x4c</size>
         <alignment>0x4</alignment>
         <input_file_ref idref="fl-2"/>
      </object_component>
      <object_component id="oc-130">
         <name>.text.DL_SPI_init</name>
         <load_address>0xf58</load_address>
         <readonly>true</readonly>
         <executable>true</executable>
         <run_address>0xf58</run_address>
         <size>0x48</size>
         <alignment>0x4</alignment>
         <input_file_ref idref="fl-12"/>
      </object_component>
      <object_component id="oc-1e6">
         <name>.text.HOSTclose</name>
         <load_address>0xfa0</load_address>
         <readonly>true</readonly>
         <executable>true</executable>
         <run_address>0xfa0</run_address>
         <size>0x48</size>
         <alignment>0x4</alignment>
         <input_file_ref idref="fl-ae"/>
      </object_component>
      <object_component id="oc-1f6">
         <name>.text.HOSTunlink</name>
         <load_address>0xfe8</load_address>
         <readonly>true</readonly>
         <executable>true</executable>
         <run_address>0xfe8</run_address>
         <size>0x48</size>
         <alignment>0x4</alignment>
         <input_file_ref idref="fl-b3"/>
      </object_component>
      <object_component id="oc-dc">
         <name>.text.SYSCFG_DL_GPIO_init</name>
         <load_address>0x1030</load_address>
         <readonly>true</readonly>
         <executable>true</executable>
         <run_address>0x1030</run_address>
         <size>0x48</size>
         <alignment>0x4</alignment>
         <input_file_ref idref="fl-2"/>
      </object_component>
      <object_component id="oc-9c">
         <name>.text.DL_SPI_fillTXFIFO8</name>
         <load_address>0x1078</load_address>
         <readonly>true</readonly>
         <executable>true</executable>
         <run_address>0x1078</run_address>
         <size>0x46</size>
         <alignment>0x2</alignment>
         <input_file_ref idref="fl-12"/>
      </object_component>
      <object_component id="oc-dd">
         <name>.text.SYSCFG_DL_SYSCTL_init</name>
         <load_address>0x10c0</load_address>
         <readonly>true</readonly>
         <executable>true</executable>
         <run_address>0x10c0</run_address>
         <size>0x40</size>
         <alignment>0x4</alignment>
         <input_file_ref idref="fl-2"/>
      </object_component>
      <object_component id="oc-f5">
         <name>.text.__aeabi_uidivmod</name>
         <load_address>0x1100</load_address>
         <readonly>true</readonly>
         <executable>true</executable>
         <run_address>0x1100</run_address>
         <size>0x40</size>
         <alignment>0x4</alignment>
         <input_file_ref idref="fl-c1"/>
      </object_component>
      <object_component id="oc-a5">
         <name>.text:__TI_auto_init_nobinit_nopinit</name>
         <load_address>0x1140</load_address>
         <readonly>true</readonly>
         <executable>true</executable>
         <run_address>0x1140</run_address>
         <size>0x3c</size>
         <alignment>0x4</alignment>
         <input_file_ref idref="fl-34"/>
      </object_component>
      <object_component id="oc-245">
         <name>.text.finddevice</name>
         <load_address>0x117c</load_address>
         <readonly>true</readonly>
         <executable>true</executable>
         <run_address>0x117c</run_address>
         <size>0x38</size>
         <alignment>0x4</alignment>
         <input_file_ref idref="fl-c7"/>
      </object_component>
      <object_component id="oc-db">
         <name>.text.SYSCFG_DL_initPower</name>
         <load_address>0x11b4</load_address>
         <readonly>true</readonly>
         <executable>true</executable>
         <run_address>0x11b4</run_address>
         <size>0x34</size>
         <alignment>0x4</alignment>
         <input_file_ref idref="fl-2"/>
      </object_component>
      <object_component id="oc-1bf">
         <name>.text.__TI_cleanup</name>
         <load_address>0x11e8</load_address>
         <readonly>true</readonly>
         <executable>true</executable>
         <run_address>0x11e8</run_address>
         <size>0x34</size>
         <alignment>0x4</alignment>
         <input_file_ref idref="fl-3d"/>
      </object_component>
      <object_component id="oc-217">
         <name>.text.__TI_readmsg</name>
         <load_address>0x121c</load_address>
         <readonly>true</readonly>
         <executable>true</executable>
         <run_address>0x121c</run_address>
         <size>0x34</size>
         <alignment>0x4</alignment>
         <input_file_ref idref="fl-b5"/>
      </object_component>
      <object_component id="oc-211">
         <name>.text.__TI_writemsg</name>
         <load_address>0x1250</load_address>
         <readonly>true</readonly>
         <executable>true</executable>
         <run_address>0x1250</run_address>
         <size>0x34</size>
         <alignment>0x4</alignment>
         <input_file_ref idref="fl-b5"/>
      </object_component>
      <object_component id="oc-a3">
         <name>.text.exit</name>
         <load_address>0x1284</load_address>
         <readonly>true</readonly>
         <executable>true</executable>
         <run_address>0x1284</run_address>
         <size>0x34</size>
         <alignment>0x4</alignment>
         <input_file_ref idref="fl-2a"/>
      </object_component>
      <object_component id="oc-232">
         <name>.text.unlink</name>
         <load_address>0x12b8</load_address>
         <readonly>true</readonly>
         <executable>true</executable>
         <run_address>0x12b8</run_address>
         <size>0x2c</size>
         <alignment>0x4</alignment>
         <input_file_ref idref="fl-ad"/>
      </object_component>
      <object_component id="oc-196">
         <name>.text.DL_Common_updateReg</name>
         <load_address>0x12e4</load_address>
         <readonly>true</readonly>
         <executable>true</executable>
         <run_address>0x12e4</run_address>
         <size>0x28</size>
         <alignment>0x2</alignment>
         <input_file_ref idref="fl-12"/>
      </object_component>
      <object_component id="oc-1d4">
         <name>.text.free_list_insert</name>
         <load_address>0x130c</load_address>
         <readonly>true</readonly>
         <executable>true</executable>
         <run_address>0x130c</run_address>
         <size>0x28</size>
         <alignment>0x4</alignment>
         <input_file_ref idref="fl-31"/>
      </object_component>
      <object_component id="oc-1ce">
         <name>.text.lseek</name>
         <load_address>0x1334</load_address>
         <readonly>true</readonly>
         <executable>true</executable>
         <run_address>0x1334</run_address>
         <size>0x28</size>
         <alignment>0x4</alignment>
         <input_file_ref idref="fl-ab"/>
      </object_component>
      <object_component id="oc-11f">
         <name>.text.write</name>
         <load_address>0x135c</load_address>
         <readonly>true</readonly>
         <executable>true</executable>
         <run_address>0x135c</run_address>
         <size>0x28</size>
         <alignment>0x4</alignment>
         <input_file_ref idref="fl-a7"/>
      </object_component>
      <object_component id="oc-56">
         <name>.text:_c_int00_noargs</name>
         <load_address>0x1384</load_address>
         <readonly>true</readonly>
         <executable>true</executable>
         <run_address>0x1384</run_address>
         <size>0x28</size>
         <alignment>0x4</alignment>
         <input_file_ref idref="fl-32"/>
      </object_component>
      <object_component id="oc-12f">
         <name>.text.DL_SPI_setClockConfig</name>
         <load_address>0x13ac</load_address>
         <readonly>true</readonly>
         <executable>true</executable>
         <run_address>0x13ac</run_address>
         <size>0x24</size>
         <alignment>0x4</alignment>
         <input_file_ref idref="fl-12"/>
      </object_component>
      <object_component id="oc-f0">
         <name>.text.memccpy</name>
         <load_address>0x13d0</load_address>
         <readonly>true</readonly>
         <executable>true</executable>
         <run_address>0x13d0</run_address>
         <size>0x22</size>
         <alignment>0x2</alignment>
         <input_file_ref idref="fl-30"/>
      </object_component>
      <object_component id="oc-60">
         <name>.text.DL_SPI_receiveDataBlocking8</name>
         <load_address>0x13f2</load_address>
         <readonly>true</readonly>
         <executable>true</executable>
         <run_address>0x13f2</run_address>
         <size>0x20</size>
         <alignment>0x2</alignment>
         <input_file_ref idref="fl-12"/>
      </object_component>
      <object_component id="oc-97">
         <name>.text.SYSCFG_DL_init</name>
         <load_address>0x1414</load_address>
         <readonly>true</readonly>
         <executable>true</executable>
         <run_address>0x1414</run_address>
         <size>0x20</size>
         <alignment>0x4</alignment>
         <input_file_ref idref="fl-2"/>
      </object_component>
      <object_component id="oc-e3">
         <name>.text.DL_SPI_isTXFIFOFull</name>
         <load_address>0x1434</load_address>
         <readonly>true</readonly>
         <executable>true</executable>
         <run_address>0x1434</run_address>
         <size>0x1c</size>
         <alignment>0x4</alignment>
         <input_file_ref idref="fl-12"/>
      </object_component>
      <object_component id="oc-34">
         <name>.text.GROUP1_IRQHandler</name>
         <load_address>0x1450</load_address>
         <readonly>true</readonly>
         <executable>true</executable>
         <run_address>0x1450</run_address>
         <size>0x1c</size>
         <alignment>0x4</alignment>
         <input_file_ref idref="fl-1"/>
      </object_component>
      <object_component id="oc-1d2">
         <name>.text.free_list_remove</name>
         <load_address>0x146c</load_address>
         <readonly>true</readonly>
         <executable>true</executable>
         <run_address>0x146c</run_address>
         <size>0x1c</size>
         <alignment>0x4</alignment>
         <input_file_ref idref="fl-31"/>
      </object_component>
      <object_component id="oc-81">
         <name>.text.DL_SPI_isRXFIFOEmpty</name>
         <load_address>0x1488</load_address>
         <readonly>true</readonly>
         <executable>true</executable>
         <run_address>0x1488</run_address>
         <size>0x18</size>
         <alignment>0x4</alignment>
         <input_file_ref idref="fl-12"/>
      </object_component>
      <object_component id="oc-e4">
         <name>.text.DL_SPI_transmitData8</name>
         <load_address>0x14a0</load_address>
         <readonly>true</readonly>
         <executable>true</executable>
         <run_address>0x14a0</run_address>
         <size>0x16</size>
         <alignment>0x2</alignment>
         <input_file_ref idref="fl-12"/>
      </object_component>
      <object_component id="oc-4d">
         <name>.text:decompress:ZI:__TI_zero_init_nomemset</name>
         <load_address>0x14b6</load_address>
         <readonly>true</readonly>
         <executable>true</executable>
         <run_address>0x14b6</run_address>
         <size>0x16</size>
         <alignment>0x2</alignment>
         <input_file_ref idref="fl-37"/>
      </object_component>
      <object_component id="oc-12e">
         <name>.text.DL_Common_delayCycles</name>
         <load_address>0x14cc</load_address>
         <readonly>true</readonly>
         <executable>true</executable>
         <run_address>0x14cc</run_address>
         <size>0x14</size>
         <alignment>0x2</alignment>
         <input_file_ref idref="fl-11"/>
      </object_component>
      <object_component id="oc-82">
         <name>.text.DL_SPI_receiveData8</name>
         <load_address>0x14e0</load_address>
         <readonly>true</readonly>
         <executable>true</executable>
         <run_address>0x14e0</run_address>
         <size>0x14</size>
         <alignment>0x4</alignment>
         <input_file_ref idref="fl-12"/>
      </object_component>
      <object_component id="oc-22b">
         <name>.text.strcpy</name>
         <load_address>0x14f4</load_address>
         <readonly>true</readonly>
         <executable>true</executable>
         <run_address>0x14f4</run_address>
         <size>0x12</size>
         <alignment>0x2</alignment>
         <input_file_ref idref="fl-b2"/>
      </object_component>
      <object_component id="oc-20">
         <name>.text:decompress:none</name>
         <load_address>0x1506</load_address>
         <readonly>true</readonly>
         <executable>true</executable>
         <run_address>0x1506</run_address>
         <size>0x12</size>
         <alignment>0x2</alignment>
         <input_file_ref idref="fl-38"/>
      </object_component>
      <object_component id="oc-1d3">
         <name>.text.OUTLINED_FUNCTION_0</name>
         <load_address>0x1518</load_address>
         <readonly>true</readonly>
         <executable>true</executable>
         <run_address>0x1518</run_address>
         <size>0xe</size>
         <alignment>0x2</alignment>
         <input_file_ref idref="fl-31"/>
      </object_component>
      <object_component id="oc-ef">
         <name>.text.__aeabi_memset</name>
         <load_address>0x1528</load_address>
         <readonly>true</readonly>
         <executable>true</executable>
         <run_address>0x1528</run_address>
         <size>0xe</size>
         <alignment>0x4</alignment>
         <input_file_ref idref="fl-c0"/>
      </object_component>
      <object_component id="oc-ee">
         <name>.text.strlen</name>
         <load_address>0x1536</load_address>
         <readonly>true</readonly>
         <executable>true</executable>
         <run_address>0x1536</run_address>
         <size>0xe</size>
         <alignment>0x2</alignment>
         <input_file_ref idref="fl-22"/>
      </object_component>
      <object_component id="oc-22c">
         <name>.text.strlen</name>
         <load_address>0x1544</load_address>
         <readonly>true</readonly>
         <executable>true</executable>
         <run_address>0x1544</run_address>
         <size>0xe</size>
         <alignment>0x2</alignment>
         <input_file_ref idref="fl-b2"/>
      </object_component>
      <object_component id="oc-6d">
         <name>.text.__aeabi_memclr</name>
         <load_address>0x1554</load_address>
         <readonly>true</readonly>
         <executable>true</executable>
         <run_address>0x1554</run_address>
         <size>0xc</size>
         <alignment>0x4</alignment>
         <input_file_ref idref="fl-c0"/>
      </object_component>
      <object_component id="oc-1be">
         <name>.text.malloc</name>
         <load_address>0x1560</load_address>
         <readonly>true</readonly>
         <executable>true</executable>
         <run_address>0x1560</run_address>
         <size>0xc</size>
         <alignment>0x2</alignment>
         <input_file_ref idref="fl-31"/>
      </object_component>
      <object_component id="oc-46">
         <name>.text.__aeabi_memcpy</name>
         <load_address>0x156c</load_address>
         <readonly>true</readonly>
         <executable>true</executable>
         <run_address>0x156c</run_address>
         <size>0x8</size>
         <alignment>0x4</alignment>
         <input_file_ref idref="fl-bf"/>
      </object_component>
      <object_component id="oc-89">
         <name>.text._outc</name>
         <load_address>0x1574</load_address>
         <readonly>true</readonly>
         <executable>true</executable>
         <run_address>0x1574</run_address>
         <size>0x8</size>
         <alignment>0x2</alignment>
         <input_file_ref idref="fl-21"/>
      </object_component>
      <object_component id="oc-88">
         <name>.text._outs</name>
         <load_address>0x157c</load_address>
         <readonly>true</readonly>
         <executable>true</executable>
         <run_address>0x157c</run_address>
         <size>0x8</size>
         <alignment>0x2</alignment>
         <input_file_ref idref="fl-21"/>
      </object_component>
      <object_component id="oc-183">
         <name>.text.fseek</name>
         <load_address>0x1584</load_address>
         <readonly>true</readonly>
         <executable>true</executable>
         <run_address>0x1584</run_address>
         <size>0x8</size>
         <alignment>0x2</alignment>
         <input_file_ref idref="fl-3e"/>
      </object_component>
      <object_component id="oc-20a">
         <name>.text.remove</name>
         <load_address>0x158c</load_address>
         <readonly>true</readonly>
         <executable>true</executable>
         <run_address>0x158c</run_address>
         <size>0x8</size>
         <alignment>0x2</alignment>
         <input_file_ref idref="fl-a9"/>
      </object_component>
      <object_component id="oc-2f">
         <name>.text.Reset_Handler</name>
         <load_address>0x1594</load_address>
         <readonly>true</readonly>
         <executable>true</executable>
         <run_address>0x1594</run_address>
         <size>0x4</size>
         <alignment>0x2</alignment>
         <input_file_ref idref="fl-3"/>
      </object_component>
      <object_component id="oc-72">
         <name>.text._system_pre_init</name>
         <load_address>0x1598</load_address>
         <readonly>true</readonly>
         <executable>true</executable>
         <run_address>0x1598</run_address>
         <size>0x4</size>
         <alignment>0x2</alignment>
         <input_file_ref idref="fl-35"/>
      </object_component>
      <object_component id="oc-9e">
         <name>.text:abort</name>
         <load_address>0x159c</load_address>
         <readonly>true</readonly>
         <executable>true</executable>
         <run_address>0x159c</run_address>
         <size>0x4</size>
         <alignment>0x2</alignment>
         <input_file_ref idref="fl-2a"/>
      </object_component>
      <object_component id="oc-28b">
         <name>.cinit..data.load</name>
         <load_address>0x15c8</load_address>
         <readonly>true</readonly>
         <run_address>0x15c8</run_address>
         <size>0x66</size>
         <alignment>0x1</alignment>
      </object_component>
      <object_component id="oc-289">
         <name>__TI_handler_table</name>
         <load_address>0x1630</load_address>
         <readonly>true</readonly>
         <run_address>0x1630</run_address>
         <size>0xc</size>
         <alignment>0x4</alignment>
      </object_component>
      <object_component id="oc-28c">
         <name>.cinit..bss.load</name>
         <load_address>0x163c</load_address>
         <readonly>true</readonly>
         <run_address>0x163c</run_address>
         <size>0x8</size>
         <alignment>0x4</alignment>
      </object_component>
      <object_component id="oc-28a">
         <name>__TI_cinit_table</name>
         <load_address>0x1644</load_address>
         <readonly>true</readonly>
         <run_address>0x1644</run_address>
         <size>0x10</size>
         <alignment>0x4</alignment>
      </object_component>
      <object_component id="oc-f4">
         <name>.rodata.str1.44690500295887128011</name>
         <load_address>0x15a0</load_address>
         <readonly>true</readonly>
         <run_address>0x15a0</run_address>
         <size>0x11</size>
         <alignment>0x1</alignment>
         <input_file_ref idref="fl-22"/>
      </object_component>
      <object_component id="oc-132">
         <name>.rodata.gSPI_0_config</name>
         <load_address>0x15b2</load_address>
         <readonly>true</readonly>
         <run_address>0x15b2</run_address>
         <size>0xa</size>
         <alignment>0x2</alignment>
         <input_file_ref idref="fl-2"/>
      </object_component>
      <object_component id="oc-68">
         <name>.rodata.str1.162906114796922795351</name>
         <load_address>0x15bc</load_address>
         <readonly>true</readonly>
         <run_address>0x15bc</run_address>
         <size>0x5</size>
         <alignment>0x1</alignment>
         <input_file_ref idref="fl-1"/>
      </object_component>
      <object_component id="oc-131">
         <name>.rodata.gSPI_0_clockConfig</name>
         <load_address>0x15c1</load_address>
         <readonly>true</readonly>
         <run_address>0x15c1</run_address>
         <size>0x2</size>
         <alignment>0x1</alignment>
         <input_file_ref idref="fl-2"/>
      </object_component>
      <object_component id="oc-251">
         <name>.binit</name>
         <load_address>0x0</load_address>
         <readonly>true</readonly>
         <run_address>0x0</run_address>
         <size>0x0</size>
         <alignment>0x4</alignment>
      </object_component>
      <object_component id="oc-5d">
         <name>.data.flag</name>
         <load_address>0x20200bc8</load_address>
         <readwrite>true</readwrite>
         <run_address>0x20200bc8</run_address>
         <size>0x1</size>
         <alignment>0x1</alignment>
         <input_file_ref idref="fl-1"/>
      </object_component>
      <object_component id="oc-9d">
         <name>.data.gTXPacket</name>
         <load_address>0x20200bc4</load_address>
         <readwrite>true</readwrite>
         <run_address>0x20200bc4</run_address>
         <size>0x4</size>
         <alignment>0x1</alignment>
         <input_file_ref idref="fl-1"/>
      </object_component>
      <object_component id="oc-e7">
         <name>.data..L_MergedGlobals</name>
         <load_address>0x20200bb0</load_address>
         <readwrite>true</readwrite>
         <run_address>0x20200bb0</run_address>
         <size>0x8</size>
         <alignment>0x4</alignment>
         <input_file_ref idref="fl-2a"/>
      </object_component>
      <object_component id="oc-84">
         <name>.data._lock</name>
         <load_address>0x20200bbc</load_address>
         <readwrite>true</readwrite>
         <run_address>0x20200bbc</run_address>
         <size>0x4</size>
         <alignment>0x4</alignment>
         <input_file_ref idref="fl-2b"/>
      </object_component>
      <object_component id="oc-8a">
         <name>.data._unlock</name>
         <load_address>0x20200bc0</load_address>
         <readwrite>true</readwrite>
         <run_address>0x20200bc0</run_address>
         <size>0x4</size>
         <alignment>0x4</alignment>
         <input_file_ref idref="fl-2b"/>
      </object_component>
      <object_component id="oc-86">
         <name>.data._ftable</name>
         <load_address>0x202009f8</load_address>
         <readwrite>true</readwrite>
         <run_address>0x202009f8</run_address>
         <size>0xf0</size>
         <alignment>0x4</alignment>
         <input_file_ref idref="fl-2f"/>
      </object_component>
      <object_component id="oc-1df">
         <name>.data.__TI_ft_end</name>
         <load_address>0x20200bb8</load_address>
         <readwrite>true</readwrite>
         <run_address>0x20200bb8</run_address>
         <size>0x4</size>
         <alignment>0x4</alignment>
         <input_file_ref idref="fl-2f"/>
      </object_component>
      <object_component id="oc-205">
         <name>.data.memory_is_initialized</name>
         <load_address>0x20200bcc</load_address>
         <readwrite>true</readwrite>
         <run_address>0x20200bcc</run_address>
         <size>0x1</size>
         <alignment>0x4</alignment>
         <input_file_ref idref="fl-31"/>
      </object_component>
      <object_component id="oc-1c8">
         <name>.data._device</name>
         <load_address>0x20200ae8</load_address>
         <readwrite>true</readwrite>
         <run_address>0x20200ae8</run_address>
         <size>0x78</size>
         <alignment>0x4</alignment>
         <input_file_ref idref="fl-a8"/>
      </object_component>
      <object_component id="oc-18f">
         <name>.data._stream</name>
         <load_address>0x20200b60</load_address>
         <readwrite>true</readwrite>
         <run_address>0x20200b60</run_address>
         <size>0x50</size>
         <alignment>0x4</alignment>
         <input_file_ref idref="fl-a8"/>
      </object_component>
      <object_component id="oc-20e">
         <name>.bss.__TI_tmpnams</name>
         <uninitialized>true</uninitialized>
         <readwrite>true</readwrite>
         <run_address>0x20200920</run_address>
         <size>0xa0</size>
         <alignment>0x1</alignment>
         <input_file_ref idref="fl-2f"/>
      </object_component>
      <object_component id="oc-203">
         <name>.bss.sys_free</name>
         <uninitialized>true</uninitialized>
         <readwrite>true</readwrite>
         <run_address>0x202009f0</run_address>
         <size>0x4</size>
         <alignment>0x4</alignment>
         <input_file_ref idref="fl-31"/>
      </object_component>
      <object_component id="oc-218">
         <name>.bss.parmbuf</name>
         <uninitialized>true</uninitialized>
         <readwrite>true</readwrite>
         <run_address>0x202009e8</run_address>
         <size>0x8</size>
         <alignment>0x1</alignment>
         <input_file_ref idref="fl-b0"/>
      </object_component>
      <object_component id="oc-239">
         <name>.bss:_CIOBUF_</name>
         <uninitialized>true</uninitialized>
         <readwrite>true</readwrite>
         <run_address>0x20200800</run_address>
         <size>0x120</size>
         <alignment>0x4</alignment>
         <input_file_ref idref="fl-b5"/>
      </object_component>
      <object_component id="oc-67">
         <name>.common:gRXPacket</name>
         <uninitialized>true</uninitialized>
         <readwrite>true</readwrite>
         <run_address>0x202009f4</run_address>
         <size>0x4</size>
         <alignment>0x1</alignment>
      </object_component>
      <object_component id="oc-e0">
         <name>.common:gSPI_0Backup</name>
         <uninitialized>true</uninitialized>
         <readwrite>true</readwrite>
         <run_address>0x202009c0</run_address>
         <size>0x28</size>
         <alignment>0x4</alignment>
      </object_component>
      <object_component id="oc-1d5">
         <name>.sysmem</name>
         <uninitialized>true</uninitialized>
         <readwrite>true</readwrite>
         <run_address>0x20200000</run_address>
         <size>0x10</size>
         <alignment>0x8</alignment>
         <input_file_ref idref="fl-31"/>
      </object_component>
      <object_component id="oc-28f">
         <name>.sysmem</name>
         <uninitialized>true</uninitialized>
         <readwrite>true</readwrite>
         <run_address>0x20200000</run_address>
         <size>0x0</size>
         <alignment>0x4</alignment>
      </object_component>
      <object_component id="oc-1a">
         <name>.stack</name>
         <uninitialized>true</uninitialized>
         <readwrite>true</readwrite>
         <run_address>0x20207e00</run_address>
         <size>0x4</size>
         <alignment>0x4</alignment>
         <input_file_ref idref="fl-32"/>
      </object_component>
      <object_component id="oc-28e">
         <name>.stack</name>
         <uninitialized>true</uninitialized>
         <readwrite>true</readwrite>
         <run_address>0x20207e00</run_address>
         <size>0x0</size>
         <alignment>0x8</alignment>
      </object_component>
      <object_component id="oc-3a">
         <name>.debug_loc</name>
         <load_address>0x0</load_address>
         <run_address>0x0</run_address>
         <size>0x40</size>
         <alignment>0x1</alignment>
         <input_file_ref idref="fl-1"/>
      </object_component>
      <object_component id="oc-de">
         <name>.debug_loc</name>
         <load_address>0x40</load_address>
         <run_address>0x40</run_address>
         <size>0x87</size>
         <alignment>0x1</alignment>
         <input_file_ref idref="fl-2"/>
      </object_component>
      <object_component id="oc-65">
         <name>.debug_loc</name>
         <load_address>0xc7</load_address>
         <run_address>0xc7</run_address>
         <size>0x10a</size>
         <alignment>0x1</alignment>
         <input_file_ref idref="fl-21"/>
      </object_component>
      <object_component id="oc-bb">
         <name>.debug_loc</name>
         <load_address>0x1d1</load_address>
         <run_address>0x1d1</run_address>
         <size>0x33d1</size>
         <alignment>0x1</alignment>
         <input_file_ref idref="fl-22"/>
      </object_component>
      <object_component id="oc-cf">
         <name>.debug_loc</name>
         <load_address>0x35a2</load_address>
         <run_address>0x35a2</run_address>
         <size>0x150</size>
         <alignment>0x1</alignment>
         <input_file_ref idref="fl-23"/>
      </object_component>
      <object_component id="oc-c9">
         <name>.debug_loc</name>
         <load_address>0x36f2</load_address>
         <run_address>0x36f2</run_address>
         <size>0x1ff</size>
         <alignment>0x1</alignment>
         <input_file_ref idref="fl-24"/>
      </object_component>
      <object_component id="oc-11a">
         <name>.debug_loc</name>
         <load_address>0x38f1</load_address>
         <run_address>0x38f1</run_address>
         <size>0xbf</size>
         <alignment>0x1</alignment>
         <input_file_ref idref="fl-25"/>
      </object_component>
      <object_component id="oc-1c7">
         <name>.debug_loc</name>
         <load_address>0x39b0</load_address>
         <run_address>0x39b0</run_address>
         <size>0xa6</size>
         <alignment>0x1</alignment>
         <input_file_ref idref="fl-26"/>
      </object_component>
      <object_component id="oc-a4">
         <name>.debug_loc</name>
         <load_address>0x3a56</load_address>
         <run_address>0x3a56</run_address>
         <size>0x26</size>
         <alignment>0x1</alignment>
         <input_file_ref idref="fl-2a"/>
      </object_component>
      <object_component id="oc-138">
         <name>.debug_loc</name>
         <load_address>0x3a7c</load_address>
         <run_address>0x3a7c</run_address>
         <size>0xbf</size>
         <alignment>0x1</alignment>
         <input_file_ref idref="fl-30"/>
      </object_component>
      <object_component id="oc-1bb">
         <name>.debug_loc</name>
         <load_address>0x3b3b</load_address>
         <run_address>0x3b3b</run_address>
         <size>0x6dd</size>
         <alignment>0x1</alignment>
         <input_file_ref idref="fl-31"/>
      </object_component>
      <object_component id="oc-41">
         <name>.debug_loc</name>
         <load_address>0x4218</load_address>
         <run_address>0x4218</run_address>
         <size>0xd8</size>
         <alignment>0x1</alignment>
         <input_file_ref idref="fl-32"/>
      </object_component>
      <object_component id="oc-a9">
         <name>.debug_loc</name>
         <load_address>0x42f0</load_address>
         <run_address>0x42f0</run_address>
         <size>0x480</size>
         <alignment>0x1</alignment>
         <input_file_ref idref="fl-34"/>
      </object_component>
      <object_component id="oc-52">
         <name>.debug_loc</name>
         <load_address>0x4770</load_address>
         <run_address>0x4770</run_address>
         <size>0x16c</size>
         <alignment>0x1</alignment>
         <input_file_ref idref="fl-37"/>
      </object_component>
      <object_component id="oc-4c">
         <name>.debug_loc</name>
         <load_address>0x48dc</load_address>
         <run_address>0x48dc</run_address>
         <size>0x6f</size>
         <alignment>0x1</alignment>
         <input_file_ref idref="fl-38"/>
      </object_component>
      <object_component id="oc-44">
         <name>.debug_loc</name>
         <load_address>0x494b</load_address>
         <run_address>0x494b</run_address>
         <size>0x166</size>
         <alignment>0x1</alignment>
         <input_file_ref idref="fl-39"/>
      </object_component>
      <object_component id="oc-124">
         <name>.debug_loc</name>
         <load_address>0x4ab1</load_address>
         <run_address>0x4ab1</run_address>
         <size>0x10c</size>
         <alignment>0x1</alignment>
         <input_file_ref idref="fl-3c"/>
      </object_component>
      <object_component id="oc-1c0">
         <name>.debug_loc</name>
         <load_address>0x4bbd</load_address>
         <run_address>0x4bbd</run_address>
         <size>0x482</size>
         <alignment>0x1</alignment>
         <input_file_ref idref="fl-3d"/>
      </object_component>
      <object_component id="oc-186">
         <name>.debug_loc</name>
         <load_address>0x503f</load_address>
         <run_address>0x503f</run_address>
         <size>0x10f</size>
         <alignment>0x1</alignment>
         <input_file_ref idref="fl-3e"/>
      </object_component>
      <object_component id="oc-1de">
         <name>.debug_loc</name>
         <load_address>0x514e</load_address>
         <run_address>0x514e</run_address>
         <size>0xf2</size>
         <alignment>0x1</alignment>
         <input_file_ref idref="fl-41"/>
      </object_component>
      <object_component id="oc-193">
         <name>.debug_loc</name>
         <load_address>0x5240</load_address>
         <run_address>0x5240</run_address>
         <size>0x44</size>
         <alignment>0x1</alignment>
         <input_file_ref idref="fl-a7"/>
      </object_component>
      <object_component id="oc-238">
         <name>.debug_loc</name>
         <load_address>0x5284</load_address>
         <run_address>0x5284</run_address>
         <size>0x20</size>
         <alignment>0x1</alignment>
         <input_file_ref idref="fl-a9"/>
      </object_component>
      <object_component id="oc-202">
         <name>.debug_loc</name>
         <load_address>0x52a4</load_address>
         <run_address>0x52a4</run_address>
         <size>0x44</size>
         <alignment>0x1</alignment>
         <input_file_ref idref="fl-ab"/>
      </object_component>
      <object_component id="oc-231">
         <name>.debug_loc</name>
         <load_address>0x52e8</load_address>
         <run_address>0x52e8</run_address>
         <size>0x3e</size>
         <alignment>0x1</alignment>
         <input_file_ref idref="fl-ac"/>
      </object_component>
      <object_component id="oc-244">
         <name>.debug_loc</name>
         <load_address>0x5326</load_address>
         <run_address>0x5326</run_address>
         <size>0x5d</size>
         <alignment>0x1</alignment>
         <input_file_ref idref="fl-ad"/>
      </object_component>
      <object_component id="oc-21e">
         <name>.debug_loc</name>
         <load_address>0x5383</load_address>
         <run_address>0x5383</run_address>
         <size>0x3e</size>
         <alignment>0x1</alignment>
         <input_file_ref idref="fl-ae"/>
      </object_component>
      <object_component id="oc-227">
         <name>.debug_loc</name>
         <load_address>0x53c1</load_address>
         <run_address>0x53c1</run_address>
         <size>0x7a</size>
         <alignment>0x1</alignment>
         <input_file_ref idref="fl-af"/>
      </object_component>
      <object_component id="oc-21b">
         <name>.debug_loc</name>
         <load_address>0x543b</load_address>
         <run_address>0x543b</run_address>
         <size>0x80</size>
         <alignment>0x1</alignment>
         <input_file_ref idref="fl-b0"/>
      </object_component>
      <object_component id="oc-221">
         <name>.debug_loc</name>
         <load_address>0x54bb</load_address>
         <run_address>0x54bb</run_address>
         <size>0x78</size>
         <alignment>0x1</alignment>
         <input_file_ref idref="fl-b1"/>
      </object_component>
      <object_component id="oc-1ff">
         <name>.debug_loc</name>
         <load_address>0x5533</load_address>
         <run_address>0x5533</run_address>
         <size>0x17b</size>
         <alignment>0x1</alignment>
         <input_file_ref idref="fl-b2"/>
      </object_component>
      <object_component id="oc-22a">
         <name>.debug_loc</name>
         <load_address>0x56ae</load_address>
         <run_address>0x56ae</run_address>
         <size>0x51</size>
         <alignment>0x1</alignment>
         <input_file_ref idref="fl-b3"/>
      </object_component>
      <object_component id="oc-224">
         <name>.debug_loc</name>
         <load_address>0x56ff</load_address>
         <run_address>0x56ff</run_address>
         <size>0x78</size>
         <alignment>0x1</alignment>
         <input_file_ref idref="fl-b4"/>
      </object_component>
      <object_component id="oc-212">
         <name>.debug_loc</name>
         <load_address>0x5777</load_address>
         <run_address>0x5777</run_address>
         <size>0x16f</size>
         <alignment>0x1</alignment>
         <input_file_ref idref="fl-b5"/>
      </object_component>
      <object_component id="oc-199">
         <name>.debug_loc</name>
         <load_address>0x58e6</load_address>
         <run_address>0x58e6</run_address>
         <size>0x20</size>
         <alignment>0x1</alignment>
         <input_file_ref idref="fl-c6"/>
      </object_component>
      <object_component id="oc-23f">
         <name>.debug_loc</name>
         <load_address>0x5906</load_address>
         <run_address>0x5906</run_address>
         <size>0x145</size>
         <alignment>0x1</alignment>
         <input_file_ref idref="fl-c7"/>
      </object_component>
      <object_component id="oc-5e">
         <name>.debug_abbrev</name>
         <load_address>0x0</load_address>
         <run_address>0x0</run_address>
         <size>0x1cb</size>
         <alignment>0x1</alignment>
         <input_file_ref idref="fl-1"/>
      </object_component>
      <object_component id="oc-e1">
         <name>.debug_abbrev</name>
         <load_address>0x1cb</load_address>
         <run_address>0x1cb</run_address>
         <size>0x228</size>
         <alignment>0x1</alignment>
         <input_file_ref idref="fl-2"/>
      </object_component>
      <object_component id="oc-3b">
         <name>.debug_abbrev</name>
         <load_address>0x3f3</load_address>
         <run_address>0x3f3</run_address>
         <size>0x6d</size>
         <alignment>0x1</alignment>
         <input_file_ref idref="fl-3"/>
      </object_component>
      <object_component id="oc-8b">
         <name>.debug_abbrev</name>
         <load_address>0x460</load_address>
         <run_address>0x460</run_address>
         <size>0x102</size>
         <alignment>0x1</alignment>
         <input_file_ref idref="fl-21"/>
      </object_component>
      <object_component id="oc-f9">
         <name>.debug_abbrev</name>
         <load_address>0x562</load_address>
         <run_address>0x562</run_address>
         <size>0x2f5</size>
         <alignment>0x1</alignment>
         <input_file_ref idref="fl-22"/>
      </object_component>
      <object_component id="oc-12b">
         <name>.debug_abbrev</name>
         <load_address>0x857</load_address>
         <run_address>0x857</run_address>
         <size>0x100</size>
         <alignment>0x1</alignment>
         <input_file_ref idref="fl-23"/>
      </object_component>
      <object_component id="oc-129">
         <name>.debug_abbrev</name>
         <load_address>0x957</load_address>
         <run_address>0x957</run_address>
         <size>0x195</size>
         <alignment>0x1</alignment>
         <input_file_ref idref="fl-24"/>
      </object_component>
      <object_component id="oc-18d">
         <name>.debug_abbrev</name>
         <load_address>0xaec</load_address>
         <run_address>0xaec</run_address>
         <size>0x95</size>
         <alignment>0x1</alignment>
         <input_file_ref idref="fl-25"/>
      </object_component>
      <object_component id="oc-1c5">
         <name>.debug_abbrev</name>
         <load_address>0xb81</load_address>
         <run_address>0xb81</run_address>
         <size>0x9c</size>
         <alignment>0x1</alignment>
         <input_file_ref idref="fl-26"/>
      </object_component>
      <object_component id="oc-e5">
         <name>.debug_abbrev</name>
         <load_address>0xc1d</load_address>
         <run_address>0xc1d</run_address>
         <size>0xb3</size>
         <alignment>0x1</alignment>
         <input_file_ref idref="fl-2a"/>
      </object_component>
      <object_component id="oc-c3">
         <name>.debug_abbrev</name>
         <load_address>0xcd0</load_address>
         <run_address>0xcd0</run_address>
         <size>0x73</size>
         <alignment>0x1</alignment>
         <input_file_ref idref="fl-2b"/>
      </object_component>
      <object_component id="oc-c5">
         <name>.debug_abbrev</name>
         <load_address>0xd43</load_address>
         <run_address>0xd43</run_address>
         <size>0x77</size>
         <alignment>0x1</alignment>
         <input_file_ref idref="fl-2f"/>
      </object_component>
      <object_component id="oc-136">
         <name>.debug_abbrev</name>
         <load_address>0xdba</load_address>
         <run_address>0xdba</run_address>
         <size>0x8b</size>
         <alignment>0x1</alignment>
         <input_file_ref idref="fl-30"/>
      </object_component>
      <object_component id="oc-1d6">
         <name>.debug_abbrev</name>
         <load_address>0xe45</load_address>
         <run_address>0xe45</run_address>
         <size>0x229</size>
         <alignment>0x1</alignment>
         <input_file_ref idref="fl-31"/>
      </object_component>
      <object_component id="oc-3d">
         <name>.debug_abbrev</name>
         <load_address>0x106e</load_address>
         <run_address>0x106e</run_address>
         <size>0xaf</size>
         <alignment>0x1</alignment>
         <input_file_ref idref="fl-32"/>
      </object_component>
      <object_component id="oc-e8">
         <name>.debug_abbrev</name>
         <load_address>0x111d</load_address>
         <run_address>0x111d</run_address>
         <size>0x186</size>
         <alignment>0x1</alignment>
         <input_file_ref idref="fl-34"/>
      </object_component>
      <object_component id="oc-95">
         <name>.debug_abbrev</name>
         <load_address>0x12a3</load_address>
         <run_address>0x12a3</run_address>
         <size>0x39</size>
         <alignment>0x1</alignment>
         <input_file_ref idref="fl-35"/>
      </object_component>
      <object_component id="oc-6b">
         <name>.debug_abbrev</name>
         <load_address>0x12dc</load_address>
         <run_address>0x12dc</run_address>
         <size>0xc2</size>
         <alignment>0x1</alignment>
         <input_file_ref idref="fl-37"/>
      </object_component>
      <object_component id="oc-4a">
         <name>.debug_abbrev</name>
         <load_address>0x139e</load_address>
         <run_address>0x139e</run_address>
         <size>0x70</size>
         <alignment>0x1</alignment>
         <input_file_ref idref="fl-38"/>
      </object_component>
      <object_component id="oc-42">
         <name>.debug_abbrev</name>
         <load_address>0x140e</load_address>
         <run_address>0x140e</run_address>
         <size>0x8d</size>
         <alignment>0x1</alignment>
         <input_file_ref idref="fl-39"/>
      </object_component>
      <object_component id="oc-194">
         <name>.debug_abbrev</name>
         <load_address>0x149b</load_address>
         <run_address>0x149b</run_address>
         <size>0xb2</size>
         <alignment>0x1</alignment>
         <input_file_ref idref="fl-3c"/>
      </object_component>
      <object_component id="oc-1e0">
         <name>.debug_abbrev</name>
         <load_address>0x154d</load_address>
         <run_address>0x154d</run_address>
         <size>0x151</size>
         <alignment>0x1</alignment>
         <input_file_ref idref="fl-3d"/>
      </object_component>
      <object_component id="oc-1b6">
         <name>.debug_abbrev</name>
         <load_address>0x169e</load_address>
         <run_address>0x169e</run_address>
         <size>0x95</size>
         <alignment>0x1</alignment>
         <input_file_ref idref="fl-3e"/>
      </object_component>
      <object_component id="oc-20f">
         <name>.debug_abbrev</name>
         <load_address>0x1733</load_address>
         <run_address>0x1733</run_address>
         <size>0xa4</size>
         <alignment>0x1</alignment>
         <input_file_ref idref="fl-41"/>
      </object_component>
      <object_component id="oc-191">
         <name>.debug_abbrev</name>
         <load_address>0x17d7</load_address>
         <run_address>0x17d7</run_address>
         <size>0x77</size>
         <alignment>0x1</alignment>
         <input_file_ref idref="fl-a7"/>
      </object_component>
      <object_component id="oc-1c9">
         <name>.debug_abbrev</name>
         <load_address>0x184e</load_address>
         <run_address>0x184e</run_address>
         <size>0x99</size>
         <alignment>0x1</alignment>
         <input_file_ref idref="fl-a8"/>
      </object_component>
      <object_component id="oc-236">
         <name>.debug_abbrev</name>
         <load_address>0x18e7</load_address>
         <run_address>0x18e7</run_address>
         <size>0x64</size>
         <alignment>0x1</alignment>
         <input_file_ref idref="fl-a9"/>
      </object_component>
      <object_component id="oc-200">
         <name>.debug_abbrev</name>
         <load_address>0x194b</load_address>
         <run_address>0x194b</run_address>
         <size>0x76</size>
         <alignment>0x1</alignment>
         <input_file_ref idref="fl-ab"/>
      </object_component>
      <object_component id="oc-22f">
         <name>.debug_abbrev</name>
         <load_address>0x19c1</load_address>
         <run_address>0x19c1</run_address>
         <size>0x6b</size>
         <alignment>0x1</alignment>
         <input_file_ref idref="fl-ac"/>
      </object_component>
      <object_component id="oc-242">
         <name>.debug_abbrev</name>
         <load_address>0x1a2c</load_address>
         <run_address>0x1a2c</run_address>
         <size>0xd4</size>
         <alignment>0x1</alignment>
         <input_file_ref idref="fl-ad"/>
      </object_component>
      <object_component id="oc-21c">
         <name>.debug_abbrev</name>
         <load_address>0x1b00</load_address>
         <run_address>0x1b00</run_address>
         <size>0x81</size>
         <alignment>0x1</alignment>
         <input_file_ref idref="fl-ae"/>
      </object_component>
      <object_component id="oc-225">
         <name>.debug_abbrev</name>
         <load_address>0x1b81</load_address>
         <run_address>0x1b81</run_address>
         <size>0x81</size>
         <alignment>0x1</alignment>
         <input_file_ref idref="fl-af"/>
      </object_component>
      <object_component id="oc-219">
         <name>.debug_abbrev</name>
         <load_address>0x1c02</load_address>
         <run_address>0x1c02</run_address>
         <size>0x107</size>
         <alignment>0x1</alignment>
         <input_file_ref idref="fl-b0"/>
      </object_component>
      <object_component id="oc-21f">
         <name>.debug_abbrev</name>
         <load_address>0x1d09</load_address>
         <run_address>0x1d09</run_address>
         <size>0x88</size>
         <alignment>0x1</alignment>
         <input_file_ref idref="fl-b1"/>
      </object_component>
      <object_component id="oc-22d">
         <name>.debug_abbrev</name>
         <load_address>0x1d91</load_address>
         <run_address>0x1d91</run_address>
         <size>0x110</size>
         <alignment>0x1</alignment>
         <input_file_ref idref="fl-b2"/>
      </object_component>
      <object_component id="oc-228">
         <name>.debug_abbrev</name>
         <load_address>0x1ea1</load_address>
         <run_address>0x1ea1</run_address>
         <size>0xdb</size>
         <alignment>0x1</alignment>
         <input_file_ref idref="fl-b3"/>
      </object_component>
      <object_component id="oc-222">
         <name>.debug_abbrev</name>
         <load_address>0x1f7c</load_address>
         <run_address>0x1f7c</run_address>
         <size>0x8f</size>
         <alignment>0x1</alignment>
         <input_file_ref idref="fl-b4"/>
      </object_component>
      <object_component id="oc-23a">
         <name>.debug_abbrev</name>
         <load_address>0x200b</load_address>
         <run_address>0x200b</run_address>
         <size>0xad</size>
         <alignment>0x1</alignment>
         <input_file_ref idref="fl-b5"/>
      </object_component>
      <object_component id="oc-6a">
         <name>.debug_abbrev</name>
         <load_address>0x20b8</load_address>
         <run_address>0x20b8</run_address>
         <size>0x27</size>
         <alignment>0x1</alignment>
         <input_file_ref idref="fl-bf"/>
      </object_component>
      <object_component id="oc-94">
         <name>.debug_abbrev</name>
         <load_address>0x20df</load_address>
         <run_address>0x20df</run_address>
         <size>0x25</size>
         <alignment>0x1</alignment>
         <input_file_ref idref="fl-c0"/>
      </object_component>
      <object_component id="oc-13e">
         <name>.debug_abbrev</name>
         <load_address>0x2104</load_address>
         <run_address>0x2104</run_address>
         <size>0x27</size>
         <alignment>0x1</alignment>
         <input_file_ref idref="fl-c1"/>
      </object_component>
      <object_component id="oc-197">
         <name>.debug_abbrev</name>
         <load_address>0x212b</load_address>
         <run_address>0x212b</run_address>
         <size>0x59</size>
         <alignment>0x1</alignment>
         <input_file_ref idref="fl-c6"/>
      </object_component>
      <object_component id="oc-246">
         <name>.debug_abbrev</name>
         <load_address>0x2184</load_address>
         <run_address>0x2184</run_address>
         <size>0x185</size>
         <alignment>0x1</alignment>
         <input_file_ref idref="fl-c7"/>
      </object_component>
      <object_component id="oc-d4">
         <name>.debug_abbrev</name>
[...]
         <value>0xffffffff</value>
      </symbol>
      <symbol id="sm-11">
         <name>__TI_prof_data_size</name>
         <value>0xffffffff</value>
      </symbol>
      <symbol id="sm-45">
         <name>main</name>
         <value>0xe11</value>
         <object_component_ref idref="oc-76"/>
      </symbol>
      <symbol id="sm-46">
         <name>flag</name>
         <value>0x20200bc8</value>
         <object_component_ref idref="oc-5d"/>
      </symbol>
      <symbol id="sm-47">
         <name>gTXPacket</name>
         <value>0x20200bc4</value>
         <object_component_ref idref="oc-9d"/>
      </symbol>
      <symbol id="sm-48">
         <name>SPI1_IRQHandler</name>
         <value>0xb15</value>
         <object_component_ref idref="oc-39"/>
      </symbol>
      <symbol id="sm-49">
         <name>gRXPacket</name>
         <value>0x202009f4</value>
      </symbol>
      <symbol id="sm-4a">
         <name>GROUP1_IRQHandler</name>
         <value>0x1451</value>
         <object_component_ref idref="oc-34"/>
      </symbol>
      <symbol id="sm-65">
         <name>SYSCFG_DL_init</name>
         <value>0x1415</value>
         <object_component_ref idref="oc-97"/>
      </symbol>
      <symbol id="sm-66">
         <name>SYSCFG_DL_initPower</name>
         <value>0x11b5</value>
         <object_component_ref idref="oc-db"/>
      </symbol>
      <symbol id="sm-67">
         <name>SYSCFG_DL_GPIO_init</name>
         <value>0x1031</value>
         <object_component_ref idref="oc-dc"/>
      </symbol>
      <symbol id="sm-68">
         <name>SYSCFG_DL_SYSCTL_init</name>
         <value>0x10c1</value>
         <object_component_ref idref="oc-dd"/>
      </symbol>
      <symbol id="sm-69">
         <name>SYSCFG_DL_SPI_0_init</name>
         <value>0xf0d</value>
         <object_component_ref idref="oc-df"/>
      </symbol>
      <symbol id="sm-6a">
         <name>gSPI_0Backup</name>
         <value>0x202009c0</value>
      </symbol>
      <symbol id="sm-75">
         <name>Default_Handler</name>
         <value>0x873</value>
         <object_component_ref idref="oc-33"/>
      </symbol>
      <symbol id="sm-76">
         <name>Reset_Handler</name>
         <value>0x1595</value>
         <object_component_ref idref="oc-2f"/>
      </symbol>
      <symbol id="sm-77">
         <name>interruptVectors</name>
         <value>0x0</value>
         <object_component_ref idref="oc-18"/>
      </symbol>
      <symbol id="sm-78">
         <name>NMI_Handler</name>
         <value>0x873</value>
         <object_component_ref idref="oc-33"/>
      </symbol>
      <symbol id="sm-79">
         <name>HardFault_Handler</name>
         <value>0x873</value>
         <object_component_ref idref="oc-33"/>
      </symbol>
      <symbol id="sm-7a">
         <name>SVC_Handler</name>
         <value>0x873</value>
         <object_component_ref idref="oc-33"/>
      </symbol>
      <symbol id="sm-7b">
         <name>PendSV_Handler</name>
         <value>0x873</value>
         <object_component_ref idref="oc-33"/>
      </symbol>
      <symbol id="sm-7c">
         <name>SysTick_Handler</name>
         <value>0x873</value>
         <object_component_ref idref="oc-33"/>
      </symbol>
      <symbol id="sm-7d">
         <name>GROUP0_IRQHandler</name>
         <value>0x873</value>
         <object_component_ref idref="oc-33"/>
      </symbol>
      <symbol id="sm-7e">
         <name>TIMG8_IRQHandler</name>
         <value>0x873</value>
         <object_component_ref idref="oc-33"/>
      </symbol>
      <symbol id="sm-7f">
         <name>UART3_IRQHandler</name>
         <value>0x873</value>
         <object_component_ref idref="oc-33"/>
      </symbol>
      <symbol id="sm-80">
         <name>ADC0_IRQHandler</name>
         <value>0x873</value>
         <object_component_ref idref="oc-33"/>
      </symbol>
      <symbol id="sm-81">
         <name>ADC1_IRQHandler</name>
         <value>0x873</value>
         <object_component_ref idref="oc-33"/>
      </symbol>
      <symbol id="sm-82">
         <name>CANFD0_IRQHandler</name>
         <value>0x873</value>
         <object_component_ref idref="oc-33"/>
      </symbol>
      <symbol id="sm-83">
         <name>DAC0_IRQHandler</name>
         <value>0x873</value>
         <object_component_ref idref="oc-33"/>
      </symbol>
      <symbol id="sm-84">
         <name>SPI0_IRQHandler</name>
         <value>0x873</value>
         <object_component_ref idref="oc-33"/>
      </symbol>
      <symbol id="sm-85">
         <name>UART1_IRQHandler</name>
         <value>0x873</value>
         <object_component_ref idref="oc-33"/>
      </symbol>
      <symbol id="sm-86">
         <name>UART2_IRQHandler</name>
         <value>0x873</value>
         <object_component_ref idref="oc-33"/>
      </symbol>
      <symbol id="sm-87">
         <name>UART0_IRQHandler</name>
         <value>0x873</value>
         <object_component_ref idref="oc-33"/>
      </symbol>
      <symbol id="sm-88">
         <name>TIMG0_IRQHandler</name>
         <value>0x873</value>
         <object_component_ref idref="oc-33"/>
      </symbol>
      <symbol id="sm-89">
         <name>TIMG6_IRQHandler</name>
         <value>0x873</value>
         <object_component_ref idref="oc-33"/>
      </symbol>
      <symbol id="sm-8a">
         <name>TIMA0_IRQHandler</name>
         <value>0x873</value>
         <object_component_ref idref="oc-33"/>
      </symbol>
      <symbol id="sm-8b">
         <name>TIMA1_IRQHandler</name>
         <value>0x873</value>
         <object_component_ref idref="oc-33"/>
      </symbol>
      <symbol id="sm-8c">
         <name>TIMG7_IRQHandler</name>
         <value>0x873</value>
         <object_component_ref idref="oc-33"/>
      </symbol>
      <symbol id="sm-8d">
         <name>TIMG12_IRQHandler</name>
         <value>0x873</value>
         <object_component_ref idref="oc-33"/>
      </symbol>
      <symbol id="sm-8e">
         <name>I2C0_IRQHandler</name>
         <value>0x873</value>
         <object_component_ref idref="oc-33"/>
      </symbol>
      <symbol id="sm-8f">
         <name>I2C1_IRQHandler</name>
         <value>0x873</value>
         <object_component_ref idref="oc-33"/>
      </symbol>
      <symbol id="sm-90">
         <name>AES_IRQHandler</name>
         <value>0x873</value>
         <object_component_ref idref="oc-33"/>
      </symbol>
      <symbol id="sm-91">
         <name>RTC_IRQHandler</name>
         <value>0x873</value>
         <object_component_ref idref="oc-33"/>
      </symbol>
      <symbol id="sm-92">
         <name>DMA_IRQHandler</name>
         <value>0x873</value>
         <object_component_ref idref="oc-33"/>
      </symbol>
      <symbol id="sm-93">
         <name>__TI_ATRegion0_src_addr</name>
         <value>0x0</value>
      </symbol>
      <symbol id="sm-94">
         <name>__TI_ATRegion0_trg_addr</name>
         <value>0x0</value>
      </symbol>
      <symbol id="sm-95">
         <name>__TI_ATRegion0_region_sz</name>
         <value>0x0</value>
      </symbol>
      <symbol id="sm-96">
         <name>__TI_ATRegion1_src_addr</name>
         <value>0x0</value>
      </symbol>
      <symbol id="sm-97">
         <name>__TI_ATRegion1_trg_addr</name>
         <value>0x0</value>
      </symbol>
      <symbol id="sm-98">
         <name>__TI_ATRegion1_region_sz</name>
         <value>0x0</value>
      </symbol>
      <symbol id="sm-99">
         <name>__TI_ATRegion2_src_addr</name>
         <value>0x0</value>
      </symbol>
      <symbol id="sm-9a">
         <name>__TI_ATRegion2_trg_addr</name>
         <value>0x0</value>
      </symbol>
      <symbol id="sm-9b">
         <name>__TI_ATRegion2_region_sz</name>
         <value>0x0</value>
      </symbol>
      <symbol id="sm-9e">
         <name>DL_Common_delayCycles</name>
         <value>0x14cd</value>
         <object_component_ref idref="oc-12e"/>
      </symbol>
      <symbol id="sm-b3">
         <name>DL_SPI_init</name>
         <value>0xf59</value>
         <object_component_ref idref="oc-130"/>
      </symbol>
      <symbol id="sm-b4">
         <name>DL_SPI_setClockConfig</name>
         <value>0x13ad</value>
         <object_component_ref idref="oc-12f"/>
      </symbol>
      <symbol id="sm-b5">
         <name>DL_SPI_receiveDataBlocking8</name>
         <value>0x13f3</value>
         <object_component_ref idref="oc-60"/>
      </symbol>
      <symbol id="sm-b6">
         <name>DL_SPI_fillTXFIFO8</name>
         <value>0x1079</value>
         <object_component_ref idref="oc-9c"/>
      </symbol>
      <symbol id="sm-c7">
         <name>printf</name>
         <value>0xd05</value>
         <object_component_ref idref="oc-61"/>
      </symbol>
      <symbol id="sm-dd">
         <name>__TI_printfi_minimal</name>
         <value>0xc1</value>
         <object_component_ref idref="oc-b7"/>
      </symbol>
      <symbol id="sm-e8">
         <name>fputc</name>
         <value>0x73d</value>
         <object_component_ref idref="oc-ce"/>
      </symbol>
      <symbol id="sm-f3">
         <name>fputs</name>
         <value>0x471</value>
         <object_component_ref idref="oc-c8"/>
      </symbol>
      <symbol id="sm-fd">
         <name>__TI_wrt_ok</name>
         <value>0xb79</value>
         <object_component_ref idref="oc-119"/>
      </symbol>
      <symbol id="sm-107">
         <name>setvbuf</name>
         <value>0x661</value>
         <object_component_ref idref="oc-189"/>
      </symbol>
      <symbol id="sm-118">
         <name>abort</name>
         <value>0x159d</value>
         <object_component_ref idref="oc-9e"/>
      </symbol>
      <symbol id="sm-119">
         <name>C$$EXIT</name>
         <value>0x159c</value>
         <object_component_ref idref="oc-9e"/>
      </symbol>
      <symbol id="sm-11a">
         <name>__TI_cleanup_ptr</name>
         <value>0x20200bb0</value>
         <object_component_ref idref="oc-e7"/>
      </symbol>
      <symbol id="sm-11b">
         <name>__TI_dtors_ptr</name>
         <value>0x20200bb4</value>
         <object_component_ref idref="oc-e7"/>
      </symbol>
      <symbol id="sm-11c">
         <name>exit</name>
         <value>0x1285</value>
         <object_component_ref idref="oc-a3"/>
      </symbol>
      <symbol id="sm-125">
         <name>_nop</name>
         <value>0xebb</value>
         <object_component_ref idref="oc-bf"/>
      </symbol>
      <symbol id="sm-126">
         <name>_lock</name>
         <value>0x20200bbc</value>
         <object_component_ref idref="oc-84"/>
      </symbol>
      <symbol id="sm-127">
         <name>_unlock</name>
         <value>0x20200bc0</value>
         <object_component_ref idref="oc-8a"/>
      </symbol>
      <symbol id="sm-12f">
         <name>_ftable</name>
         <value>0x202009f8</value>
         <object_component_ref idref="oc-86"/>
      </symbol>
      <symbol id="sm-130">
         <name>__TI_ft_end</name>
         <value>0x20200bb8</value>
         <object_component_ref idref="oc-1df"/>
      </symbol>
      <symbol id="sm-131">
         <name>__TI_tmpnams</name>
         <value>0x20200920</value>
         <object_component_ref idref="oc-20e"/>
      </symbol>
      <symbol id="sm-13a">
         <name>memccpy</name>
         <value>0x13d1</value>
         <object_component_ref idref="oc-f0"/>
      </symbol>
      <symbol id="sm-15d">
         <name>malloc</name>
         <value>0x1561</value>
         <object_component_ref idref="oc-1be"/>
      </symbol>
      <symbol id="sm-15e">
         <name>aligned_alloc</name>
         <value>0x345</value>
         <object_component_ref idref="oc-1d8"/>
      </symbol>
      <symbol id="sm-15f">
         <name>free</name>
         <value>0x575</value>
         <object_component_ref idref="oc-1b8"/>
      </symbol>
      <symbol id="sm-160">
         <name>_sys_memory</name>
         <value>0x20200000</value>
         <object_component_ref idref="oc-1d5"/>
      </symbol>
      <symbol id="sm-161">
         <name>memalign</name>
         <value>0x345</value>
         <object_component_ref idref="oc-1d8"/>
      </symbol>
      <symbol id="sm-16c">
         <name>_c_int00_noargs</name>
         <value>0x1385</value>
         <object_component_ref idref="oc-56"/>
      </symbol>
      <symbol id="sm-16d">
         <name>__stack</name>
         <value>0x20207e00</value>
         <object_component_ref idref="oc-1a"/>
      </symbol>
      <symbol id="sm-179">
         <name>__TI_auto_init_nobinit_nopinit</name>
         <value>0x1141</value>
         <object_component_ref idref="oc-a5"/>
      </symbol>
      <symbol id="sm-181">
         <name>_system_pre_init</name>
         <value>0x1599</value>
         <object_component_ref idref="oc-72"/>
      </symbol>
      <symbol id="sm-18c">
         <name>__TI_zero_init_nomemset</name>
         <value>0x14b7</value>
         <object_component_ref idref="oc-4d"/>
      </symbol>
      <symbol id="sm-195">
         <name>__TI_decompress_none</name>
         <value>0x1507</value>
         <object_component_ref idref="oc-20"/>
      </symbol>
      <symbol id="sm-1a0">
         <name>__TI_decompress_lzss</name>
         <value>0x8f1</value>
         <object_component_ref idref="oc-1c"/>
      </symbol>
      <symbol id="sm-1ac">
         <name>__TI_doflush</name>
         <value>0xe69</value>
         <object_component_ref idref="oc-123"/>
      </symbol>
      <symbol id="sm-1b7">
         <name>__TI_cleanup</name>
         <value>0x11e9</value>
         <object_component_ref idref="oc-1bf"/>
      </symbol>
      <symbol id="sm-1c4">
         <name>fseek</name>
         <value>0x1585</value>
         <object_component_ref idref="oc-183"/>
      </symbol>
      <symbol id="sm-1c5">
         <name>fseeko</name>
         <value>0xa41</value>
         <object_component_ref idref="oc-1b5"/>
      </symbol>
      <symbol id="sm-1d1">
         <name>__TI_closefile</name>
         <value>0x875</value>
         <object_component_ref idref="oc-1d9"/>
      </symbol>
      <symbol id="sm-1db">
         <name>write</name>
         <value>0x135d</value>
         <object_component_ref idref="oc-11f"/>
      </symbol>
      <symbol id="sm-1e0">
         <name>_device</name>
         <value>0x20200ae8</value>
         <object_component_ref idref="oc-1c8"/>
      </symbol>
      <symbol id="sm-1e1">
         <name>_stream</name>
         <value>0x20200b60</value>
         <object_component_ref idref="oc-18f"/>
      </symbol>
      <symbol id="sm-1ea">
         <name>remove</name>
         <value>0x158d</value>
         <object_component_ref idref="oc-20a"/>
      </symbol>
      <symbol id="sm-1f5">
         <name>lseek</name>
         <value>0x1335</value>
         <object_component_ref idref="oc-1ce"/>
      </symbol>
      <symbol id="sm-1ff">
         <name>close</name>
         <value>0xebd</value>
         <object_component_ref idref="oc-206"/>
      </symbol>
      <symbol id="sm-209">
         <name>unlink</name>
         <value>0x12b9</value>
         <object_component_ref idref="oc-232"/>
      </symbol>
      <symbol id="sm-213">
         <name>HOSTclose</name>
         <value>0xfa1</value>
         <object_component_ref idref="oc-1e6"/>
      </symbol>
      <symbol id="sm-21d">
         <name>HOSTlseek</name>
         <value>0x969</value>
         <object_component_ref idref="oc-1f2"/>
      </symbol>
      <symbol id="sm-227">
         <name>HOSTopen</name>
         <value>0xca5</value>
         <object_component_ref idref="oc-1e2"/>
      </symbol>
      <symbol id="sm-228">
         <name>parmbuf</name>
         <value>0x202009e8</value>
         <object_component_ref idref="oc-218"/>
      </symbol>
      <symbol id="sm-232">
         <name>HOSTread</name>
         <value>0xd61</value>
         <object_component_ref idref="oc-1ea"/>
      </symbol>
      <symbol id="sm-243">
         <name>HOSTrename</name>
         <value>0x9d5</value>
         <object_component_ref idref="oc-1fa"/>
      </symbol>
      <symbol id="sm-24d">
         <name>HOSTunlink</name>
         <value>0xfe9</value>
         <object_component_ref idref="oc-1f6"/>
      </symbol>
      <symbol id="sm-257">
         <name>HOSTwrite</name>
         <value>0xdb9</value>
         <object_component_ref idref="oc-1ee"/>
      </symbol>
      <symbol id="sm-265">
         <name>C$$IO$$</name>
         <value>0x127d</value>
         <object_component_ref idref="oc-211"/>
      </symbol>
      <symbol id="sm-266">
         <name>__TI_writemsg</name>
         <value>0x1251</value>
         <object_component_ref idref="oc-211"/>
      </symbol>
      <symbol id="sm-267">
         <name>__CIOBUF_</name>
         <value>0x20200800</value>
         <object_component_ref idref="oc-239"/>
      </symbol>
      <symbol id="sm-268">
         <name>__TI_readmsg</name>
         <value>0x121d</value>
         <object_component_ref idref="oc-217"/>
      </symbol>
      <symbol id="sm-269">
         <name>_CIOBUF_</name>
         <value>0x20200800</value>
         <object_component_ref idref="oc-239"/>
      </symbol>
      <symbol id="sm-26f">
         <name>__aeabi_memcpy</name>
         <value>0x156d</value>
         <object_component_ref idref="oc-46"/>
      </symbol>
      <symbol id="sm-270">
         <name>__aeabi_memcpy4</name>
         <value>0x156d</value>
         <object_component_ref idref="oc-46"/>
      </symbol>
      <symbol id="sm-271">
         <name>__aeabi_memcpy8</name>
         <value>0x156d</value>
         <object_component_ref idref="oc-46"/>
      </symbol>
      <symbol id="sm-27a">
         <name>__aeabi_memset</name>
         <value>0x1529</value>
         <object_component_ref idref="oc-ef"/>
      </symbol>
      <symbol id="sm-27b">
         <name>__aeabi_memset4</name>
         <value>0x1529</value>
         <object_component_ref idref="oc-ef"/>
      </symbol>
      <symbol id="sm-27c">
         <name>__aeabi_memset8</name>
         <value>0x1529</value>
         <object_component_ref idref="oc-ef"/>
      </symbol>
      <symbol id="sm-27d">
         <name>__aeabi_memclr</name>
         <value>0x1555</value>
         <object_component_ref idref="oc-6d"/>
      </symbol>
      <symbol id="sm-27e">
         <name>__aeabi_memclr4</name>
         <value>0x1555</value>
         <object_component_ref idref="oc-6d"/>
      </symbol>
      <symbol id="sm-27f">
         <name>__aeabi_memclr8</name>
         <value>0x1555</value>
         <object_component_ref idref="oc-6d"/>
      </symbol>
      <symbol id="sm-285">
         <name>__aeabi_uidiv</name>
         <value>0x1101</value>
         <object_component_ref idref="oc-f5"/>
      </symbol>
      <symbol id="sm-286">
         <name>__aeabi_uidivmod</name>
         <value>0x1101</value>
         <object_component_ref idref="oc-f5"/>
      </symbol>
      <symbol id="sm-291">
         <name>__aeabi_idiv0</name>
         <value>0xca3</value>
         <object_component_ref idref="oc-139"/>
      </symbol>
      <symbol id="sm-29f">
         <name>finddevice</name>
         <value>0x117d</value>
         <object_component_ref idref="oc-245"/>
      </symbol>
      <symbol id="sm-2a0">
         <name>getdevice</name>
         <value>0xaad</value>
         <object_component_ref idref="oc-23c"/>
      </symbol>
      <symbol id="sm-2b9">
         <name>memcpy</name>
         <value>0x7d9</value>
         <object_component_ref idref="oc-92"/>
      </symbol>
      <symbol id="sm-2c8">
         <name>memset</name>
         <value>0xc41</value>
         <object_component_ref idref="oc-da"/>
      </symbol>
      <symbol id="sm-2c9">
         <name>__TI_static_base__</name>
         <value>0x0</value>
      </symbol>
      <symbol id="sm-2cc">
         <name>__mpu_init</name>
         <value>0x0</value>
      </symbol>
      <symbol id="sm-2cd">
         <name>_system_post_cinit</name>
         <value>0x0</value>
      </symbol>
   </symbol_table>
   <title>Link successful</title>
</link_info>
