******************************************************************************
            TI ARM Clang Linker PC v3.2.2                      
******************************************************************************
>> Linked Sat Oct 12 15:25:13 2024

OUTPUT FILE NAME:   <empty.out>
ENTRY POINT SYMBOL: "_c_int00_noinit_noargs"  address: 0000012d


MEMORY CONFIGURATION

         name            origin    length      used     unused   attr    fill
----------------------  --------  ---------  --------  --------  ----  --------
  FLASH                 00000000   00020000  00000188  0001fe78  R  X
  SRAM                  20200000   00008000  00000200  00007e00  RW X
  BCR_CONFIG            41c00000   00000080  00000000  00000080  R   
  BSL_CONFIG            41c00100   00000080  00000000  00000080  R   


SEGMENT ALLOCATION MAP

run origin  load origin   length   init length attrs members
----------  ----------- ---------- ----------- ----- -------
00000000    00000000    00000188   00000188    r-x
  00000000    00000000    000000c0   000000c0    r-- .intvecs
  000000c0    000000c0    000000c8   000000c8    r-x .text
20207e00    20207e00    00000200   00000000    rw-
  20207e00    20207e00    00000200   00000000    rw- .stack


SECTION ALLOCATION MAP

 output                                  attributes/
section   page    origin      length       input sections
--------  ----  ----------  ----------   ----------------
.intvecs   0    00000000    000000c0     
                  00000000    000000c0     startup_mspm0g350x_ticlang.o (.intvecs)

.text      0    000000c0    000000c8     
                  000000c0    00000040     ti_msp_dl_config.o (.text.SYSCFG_DL_SYSCTL_init)
                  00000100    0000002c     ti_msp_dl_config.o (.text.SYSCFG_DL_initPower)
                  0000012c    00000020     libc.a : boot_cortex_m.c.obj (.text:_c_int00_noinit_noargs)
                  0000014c    00000014     driverlib.a : dl_common.o (.text.DL_Common_delayCycles)
                  00000160    00000010     ti_msp_dl_config.o (.text.SYSCFG_DL_init)
                  00000170    00000006     empty.o (.text.main)
                  00000176    00000004     startup_mspm0g350x_ticlang.o (.text.Reset_Handler)
                  0000017a    00000004     libc.a : pre_init.c.obj (.text._system_pre_init)
                  0000017e    00000004            : exit.c.obj (.text:abort)
                  00000182    00000002     startup_mspm0g350x_ticlang.o (.text.Default_Handler)
                  00000184    00000002     ti_msp_dl_config.o (.text.SYSCFG_DL_GPIO_init)
                  00000186    00000002     --HOLE-- [fill = 0]

.cinit     0    00000000    00000000     

.init_array 
*          0    00000000    00000000     UNINITIALIZED

.binit     0    00000000    00000000     

.stack     0    20207e00    00000200     UNINITIALIZED
                  20207e00    00000004     libc.a : boot_cortex_m.c.obj (.stack)
                  20207e04    000001fc     --HOLE--

__llvm_prf_cnts 
*          0    20200000    00000000     UNINITIALIZED

__llvm_prf_bits 
*          0    20200000    00000000     UNINITIALIZED

MODULE SUMMARY

       Module                         code   ro data   rw data
       ------                         ----   -------   -------
    .\
       startup_mspm0g350x_ticlang.o   6      192       0      
       ti_msp_dl_config.o             126    0         0      
       empty.o                        6      0         0      
    +--+------------------------------+------+---------+---------+
       Total:                         138    192       0      
                                                              
    C:/ti/mspm0_sdk_2_02_00_05/source/ti/driverlib/lib/ticlang/m0p/mspm0g1x0x_g3x0x/driverlib.a
       dl_common.o                    20     0         0      
    +--+------------------------------+------+---------+---------+
       Total:                         20     0         0      
                                                              
    C:\ti\ccs1271\ccs\tools\compiler\ti-cgt-armllvm_3.2.2.LTS\lib\armv6m-ti-none-eabi/c/libc.a
       boot_cortex_m.c.obj            32     0         0      
       exit.c.obj                     4      0         0      
       pre_init.c.obj                 4      0         0      
    +--+------------------------------+------+---------+---------+
       Total:                         40     0         0      
                                                              
       Stack:                         0      0         512    
    +--+------------------------------+------+---------+---------+
       Grand Total:                   198    192       512    


GLOBAL SYMBOLS: SORTED ALPHABETICALLY BY Name 

address   name                    
-------   ----                    
00000183  ADC0_IRQHandler         
00000183  ADC1_IRQHandler         
00000183  AES_IRQHandler          
0000017e  C$$EXIT                 
00000183  CANFD0_IRQHandler       
00000183  DAC0_IRQHandler         
0000014d  DL_Common_delayCycles   
00000183  DMA_IRQHandler          
00000183  Default_Handler         
00000183  GROUP0_IRQHandler       
00000183  GROUP1_IRQHandler       
00000183  HardFault_Handler       
00000183  I2C0_IRQHandler         
00000183  I2C1_IRQHandler         
00000183  NMI_Handler             
00000183  PendSV_Handler          
00000183  RTC_IRQHandler          
00000177  Reset_Handler           
00000183  SPI0_IRQHandler         
00000183  SPI1_IRQHandler         
00000183  SVC_Handler             
00000185  SYSCFG_DL_GPIO_init     
000000c1  SYSCFG_DL_SYSCTL_init   
00000161  SYSCFG_DL_init          
00000101  SYSCFG_DL_initPower     
00000183  SysTick_Handler         
00000183  TIMA0_IRQHandler        
00000183  TIMA1_IRQHandler        
00000183  TIMG0_IRQHandler        
00000183  TIMG12_IRQHandler       
00000183  TIMG6_IRQHandler        
00000183  TIMG7_IRQHandler        
00000183  TIMG8_IRQHandler        
00000183  UART0_IRQHandler        
00000183  UART1_IRQHandler        
00000183  UART2_IRQHandler        
00000183  UART3_IRQHandler        
20208000  __STACK_END             
00000200  __STACK_SIZE            
00000000  __TI_ATRegion0_region_sz
00000000  __TI_ATRegion0_src_addr 
00000000  __TI_ATRegion0_trg_addr 
00000000  __TI_ATRegion1_region_sz
00000000  __TI_ATRegion1_src_addr 
00000000  __TI_ATRegion1_trg_addr 
00000000  __TI_ATRegion2_region_sz
00000000  __TI_ATRegion2_src_addr 
00000000  __TI_ATRegion2_trg_addr 
00000000  __TI_CINIT_Base         
00000000  __TI_CINIT_Limit        
00000000  __TI_CINIT_Warm         
ffffffff  __TI_pprof_out_hndl     
ffffffff  __TI_prof_data_size     
ffffffff  __TI_prof_data_start    
00000000  __TI_static_base__      
ffffffff  __binit__               
UNDEFED   __mpu_init              
20207e00  __stack                 
20200000  __start___llvm_prf_bits 
20200000  __start___llvm_prf_cnts 
20200000  __stop___llvm_prf_bits  
20200000  __stop___llvm_prf_cnts  
0000012d  _c_int00_noinit_noargs  
0000017b  _system_pre_init        
0000017f  abort                   
ffffffff  binit                   
00000000  interruptVectors        
00000171  main                    


GLOBAL SYMBOLS: SORTED BY Symbol Address 

address   name                    
-------   ----                    
00000000  __TI_ATRegion0_region_sz
00000000  __TI_ATRegion0_src_addr 
00000000  __TI_ATRegion0_trg_addr 
00000000  __TI_ATRegion1_region_sz
00000000  __TI_ATRegion1_src_addr 
00000000  __TI_ATRegion1_trg_addr 
00000000  __TI_ATRegion2_region_sz
00000000  __TI_ATRegion2_src_addr 
00000000  __TI_ATRegion2_trg_addr 
00000000  __TI_CINIT_Base         
00000000  __TI_CINIT_Limit        
00000000  __TI_CINIT_Warm         
00000000  __TI_static_base__      
00000000  interruptVectors        
000000c1  SYSCFG_DL_SYSCTL_init   
00000101  SYSCFG_DL_initPower     
0000012d  _c_int00_noinit_noargs  
0000014d  DL_Common_delayCycles   
00000161  SYSCFG_DL_init          
00000171  main                    
00000177  Reset_Handler           
0000017b  _system_pre_init        
0000017e  C$$EXIT                 
0000017f  abort                   
00000183  ADC0_IRQHandler         
00000183  ADC1_IRQHandler         
00000183  AES_IRQHandler          
00000183  CANFD0_IRQHandler       
00000183  DAC0_IRQHandler         
00000183  DMA_IRQHandler          
00000183  Default_Handler         
00000183  GROUP0_IRQHandler       
00000183  GROUP1_IRQHandler       
00000183  HardFault_Handler       
00000183  I2C0_IRQHandler         
00000183  I2C1_IRQHandler         
00000183  NMI_Handler             
00000183  PendSV_Handler          
00000183  RTC_IRQHandler          
00000183  SPI0_IRQHandler         
00000183  SPI1_IRQHandler         
00000183  SVC_Handler             
00000183  SysTick_Handler         
00000183  TIMA0_IRQHandler        
00000183  TIMA1_IRQHandler        
00000183  TIMG0_IRQHandler        
00000183  TIMG12_IRQHandler       
00000183  TIMG6_IRQHandler        
00000183  TIMG7_IRQHandler        
00000183  TIMG8_IRQHandler        
00000183  UART0_IRQHandler        
00000183  UART1_IRQHandler        
00000183  UART2_IRQHandler        
00000183  UART3_IRQHandler        
00000185  SYSCFG_DL_GPIO_init     
00000200  __STACK_SIZE            
20200000  __start___llvm_prf_bits 
20200000  __start___llvm_prf_cnts 
20200000  __stop___llvm_prf_bits  
20200000  __stop___llvm_prf_cnts  
20207e00  __stack                 
20208000  __STACK_END             
ffffffff  __TI_pprof_out_hndl     
ffffffff  __TI_prof_data_size     
ffffffff  __TI_prof_data_start    
ffffffff  __binit__               
ffffffff  binit                   
UNDEFED   __mpu_init              

[68 symbols]
