******************************************************************************
            TI ARM Clang Linker PC v3.2.2                      
******************************************************************************
>> Linked Sun Oct 20 10:05:18 2024

OUTPUT FILE NAME:   <Debounce_2.out>
ENTRY POINT SYMBOL: "_c_int00_noargs"  address: 000005dd


MEMORY CONFIGURATION

         name            origin    length      used     unused   attr    fill
----------------------  --------  ---------  --------  --------  ----  --------
  FLASH                 00000000   00020000  00000700  0001f900  R  X
  SRAM                  20200000   00008000  000002c4  00007d3c  RW X
  BCR_CONFIG            41c00000   00000080  00000000  00000080  R   
  BSL_CONFIG            41c00100   00000080  00000000  00000080  R   


SEGMENT ALLOCATION MAP

run origin  load origin   length   init length attrs members
----------  ----------- ---------- ----------- ----- -------
00000000    00000000    00000700   00000700    r-x
  00000000    00000000    000000c0   000000c0    r-- .intvecs
  000000c0    000000c0    000005f0   000005f0    r-x .text
  000006b0    000006b0    00000018   00000018    r-- .rodata
  000006c8    000006c8    00000038   00000038    r-- .cinit
20200000    20200000    000000c4   00000000    rw-
  20200000    20200000    000000bc   00000000    rw- .bss
  202000bc    202000bc    00000008   00000000    rw- .data
20207e00    20207e00    00000200   00000000    rw-
  20207e00    20207e00    00000200   00000000    rw- .stack


SECTION ALLOCATION MAP

 output                                  attributes/
section   page    origin      length       input sections
--------  ----  ----------  ----------   ----------------
.intvecs   0    00000000    000000c0     
                  00000000    000000c0     startup_mspm0g350x_ticlang.o (.intvecs)

.text      0    000000c0    000005f0     
                  000000c0    00000100     driverlib.a : dl_timer.o (.text.DL_Timer_initTimerMode)
                  000001c0    000000c4     empty.o (.text.main)
                  00000284    0000009a     libc.a : memcpy16.S.obj (.text:memcpy)
                  0000031e    00000002     startup_mspm0g350x_ticlang.o (.text.Default_Handler)
                  00000320    00000078     libc.a : copy_decompress_lzss.c.obj (.text:decompress:lzss)
                  00000398    00000050     empty.o (.text.TIMA0_IRQHandler)
                  000003e8    00000048     ti_msp_dl_config.o (.text.SYSCFG_DL_GPIO_init)
                  00000430    00000040     ti_msp_dl_config.o (.text.SYSCFG_DL_SYSCTL_init)
                  00000470    0000003c     driverlib.a : dl_timer.o (.text.DL_Timer_setCaptureCompareCtl)
                  000004ac    0000003c     libc.a : autoinit.c.obj (.text:__TI_auto_init_nobinit_nopinit)
                  000004e8    00000038     ti_msp_dl_config.o (.text.SYSCFG_DL_TIMER_0_init)
                  00000520    00000034     driverlib.a : dl_timer.o (.text.DL_Timer_setClockConfig)
                  00000554    00000034     ti_msp_dl_config.o (.text.SYSCFG_DL_initPower)
                  00000588    0000002c     driverlib.a : dl_timer.o (.text.DL_Timer_setCaptureCompareValue)
                  000005b4    00000028                 : dl_timer.o (.text.DL_Common_updateReg)
                  000005dc    00000028     libc.a : boot_cortex_m.c.obj (.text:_c_int00_noargs)
                  00000604    00000020     driverlib.a : dl_timer.o (.text.DL_Timer_setCounterValueAfterEnable)
                  00000624    00000020     ti_msp_dl_config.o (.text.SYSCFG_DL_init)
                  00000644    00000018     driverlib.a : dl_timer.o (.text.DL_Timer_setLoadValue)
                  0000065c    00000016     libc.a : copy_zero_init.c.obj (.text:decompress:ZI:__TI_zero_init_nomemset)
                  00000672    00000014     driverlib.a : dl_common.o (.text.DL_Common_delayCycles)
                  00000686    00000012     libc.a : copy_decompress_none.c.obj (.text:decompress:none)
                  00000698    00000008     libclang_rt.builtins.a : aeabi_memcpy.S.obj (.text.__aeabi_memcpy)
                  000006a0    00000004     startup_mspm0g350x_ticlang.o (.text.Reset_Handler)
                  000006a4    00000004     libc.a : pre_init.c.obj (.text._system_pre_init)
                  000006a8    00000004            : exit.c.obj (.text:abort)
                  000006ac    00000004     --HOLE-- [fill = 0]

.cinit     0    000006c8    00000038     
                  000006c8    0000000d     (.cinit..data.load) [load image, compression = lzss]
                  000006d5    00000003     --HOLE-- [fill = 0]
                  000006d8    0000000c     (__TI_handler_table)
                  000006e4    00000008     (.cinit..bss.load) [load image, compression = zero_init]
                  000006ec    00000010     (__TI_cinit_table)
                  000006fc    00000004     --HOLE-- [fill = 0]

.rodata    0    000006b0    00000018     
                  000006b0    00000014     ti_msp_dl_config.o (.rodata.gTIMER_0TimerConfig)
                  000006c4    00000003     ti_msp_dl_config.o (.rodata.gTIMER_0ClockConfig)
                  000006c7    00000001     --HOLE-- [fill = 0]

.init_array 
*          0    00000000    00000000     UNINITIALIZED

.binit     0    00000000    00000000     

.bss       0    20200000    000000bc     UNINITIALIZED
                  20200000    000000bc     (.common:gTIMER_0Backup)

.data      0    202000bc    00000008     UNINITIALIZED
                  202000bc    00000001     empty.o (.data.count)
                  202000bd    00000001     empty.o (.data.current_btn_state_1)
                  202000be    00000001     empty.o (.data.current_btn_state_2)
                  202000bf    00000001     empty.o (.data.delay_counter)
                  202000c0    00000001     empty.o (.data.lstable_btn_state_1)
                  202000c1    00000001     empty.o (.data.lstable_btn_state_2)
                  202000c2    00000001     empty.o (.data.previous_btn_state_1)
                  202000c3    00000001     empty.o (.data.previous_btn_state_2)

.stack     0    20207e00    00000200     UNINITIALIZED
                  20207e00    00000004     libc.a : boot_cortex_m.c.obj (.stack)
                  20207e04    000001fc     --HOLE--

__llvm_prf_cnts 
*          0    20200000    00000000     UNINITIALIZED

__llvm_prf_bits 
*          0    20200000    00000000     UNINITIALIZED

MODULE SUMMARY

       Module                         code   ro data   rw data
       ------                         ----   -------   -------
    .\
       ti_msp_dl_config.o             276    23        188    
       empty.o                        276    0         8      
       startup_mspm0g350x_ticlang.o   6      192       0      
    +--+------------------------------+------+---------+---------+
       Total:                         558    215       196    
                                                              
    C:/ti/mspm0_sdk_2_02_00_05/source/ti/driverlib/lib/ticlang/m0p/mspm0g1x0x_g3x0x/driverlib.a
       dl_timer.o                     508    0         0      
       dl_common.o                    20     0         0      
    +--+------------------------------+------+---------+---------+
       Total:                         528    0         0      
                                                              
    C:\ti\ccs1271\ccs\tools\compiler\ti-cgt-armllvm_3.2.2.LTS\lib\armv6m-ti-none-eabi/c/libc.a
       memcpy16.S.obj                 154    0         0      
       copy_decompress_lzss.c.obj     120    0         0      
       autoinit.c.obj                 60     0         0      
       boot_cortex_m.c.obj            40     0         0      
       copy_zero_init.c.obj           22     0         0      
       copy_decompress_none.c.obj     18     0         0      
       exit.c.obj                     4      0         0      
       pre_init.c.obj                 4      0         0      
    +--+------------------------------+------+---------+---------+
       Total:                         422    0         0      
                                                              
    C:\ti\ccs1271\ccs\tools\compiler\ti-cgt-armllvm_3.2.2.LTS\lib\clang/15.0.7/lib/armv6m-ti-none-eabi/libclang_rt.builtins.a
       aeabi_memcpy.S.obj             8      0         0      
    +--+------------------------------+------+---------+---------+
       Total:                         8      0         0      
                                                              
       Stack:                         0      0         512    
       Linker Generated:              0      49        0      
    +--+------------------------------+------+---------+---------+
       Grand Total:                   1516   264       708    


LINKER GENERATED COPY TABLES

__TI_cinit_table @ 000006ec records: 2, size/record: 8, table size: 16
	.data: load addr=000006c8, load size=0000000d bytes, run addr=202000bc, run size=00000008 bytes, compression=lzss
	.bss: load addr=000006e4, load size=00000008 bytes, run addr=20200000, run size=000000bc bytes, compression=zero_init


LINKER GENERATED HANDLER TABLE

__TI_handler_table @ 000006d8 records: 3, size/record: 4, table size: 12
	index: 0, handler: __TI_decompress_lzss
	index: 1, handler: __TI_decompress_none
	index: 2, handler: __TI_zero_init


GLOBAL SYMBOLS: SORTED ALPHABETICALLY BY Name 

address   name                           
-------   ----                           
0000031f  ADC0_IRQHandler                
0000031f  ADC1_IRQHandler                
0000031f  AES_IRQHandler                 
000006a8  C$$EXIT                        
0000031f  CANFD0_IRQHandler              
0000031f  DAC0_IRQHandler                
00000673  DL_Common_delayCycles          
000000c1  DL_Timer_initTimerMode         
00000471  DL_Timer_setCaptureCompareCtl  
00000589  DL_Timer_setCaptureCompareValue
00000521  DL_Timer_setClockConfig        
0000031f  DMA_IRQHandler                 
0000031f  Default_Handler                
0000031f  GROUP0_IRQHandler              
0000031f  GROUP1_IRQHandler              
0000031f  HardFault_Handler              
0000031f  I2C0_IRQHandler                
0000031f  I2C1_IRQHandler                
0000031f  NMI_Handler                    
0000031f  PendSV_Handler                 
0000031f  RTC_IRQHandler                 
000006a1  Reset_Handler                  
0000031f  SPI0_IRQHandler                
0000031f  SPI1_IRQHandler                
0000031f  SVC_Handler                    
000003e9  SYSCFG_DL_GPIO_init            
00000431  SYSCFG_DL_SYSCTL_init          
000004e9  SYSCFG_DL_TIMER_0_init         
00000625  SYSCFG_DL_init                 
00000555  SYSCFG_DL_initPower            
0000031f  SysTick_Handler                
00000399  TIMA0_IRQHandler               
0000031f  TIMA1_IRQHandler               
0000031f  TIMG0_IRQHandler               
0000031f  TIMG12_IRQHandler              
0000031f  TIMG6_IRQHandler               
0000031f  TIMG7_IRQHandler               
0000031f  TIMG8_IRQHandler               
0000031f  UART0_IRQHandler               
0000031f  UART1_IRQHandler               
0000031f  UART2_IRQHandler               
0000031f  UART3_IRQHandler               
20208000  __STACK_END                    
00000200  __STACK_SIZE                   
00000000  __TI_ATRegion0_region_sz       
00000000  __TI_ATRegion0_src_addr        
00000000  __TI_ATRegion0_trg_addr        
00000000  __TI_ATRegion1_region_sz       
00000000  __TI_ATRegion1_src_addr        
00000000  __TI_ATRegion1_trg_addr        
00000000  __TI_ATRegion2_region_sz       
00000000  __TI_ATRegion2_src_addr        
00000000  __TI_ATRegion2_trg_addr        
000006ec  __TI_CINIT_Base                
000006fc  __TI_CINIT_Limit               
000006fc  __TI_CINIT_Warm                
000006d8  __TI_Handler_Table_Base        
000006e4  __TI_Handler_Table_Limit       
000004ad  __TI_auto_init_nobinit_nopinit 
00000321  __TI_decompress_lzss           
00000687  __TI_decompress_none           
ffffffff  __TI_pprof_out_hndl            
ffffffff  __TI_prof_data_size            
ffffffff  __TI_prof_data_start           
00000000  __TI_static_base__             
0000065d  __TI_zero_init_nomemset        
00000699  __aeabi_memcpy                 
00000699  __aeabi_memcpy4                
00000699  __aeabi_memcpy8                
ffffffff  __binit__                      
UNDEFED   __mpu_init                     
20207e00  __stack                        
20200000  __start___llvm_prf_bits        
20200000  __start___llvm_prf_cnts        
20200000  __stop___llvm_prf_bits         
20200000  __stop___llvm_prf_cnts         
000005dd  _c_int00_noargs                
UNDEFED   _system_post_cinit             
000006a5  _system_pre_init               
000006a9  abort                          
ffffffff  binit                          
202000bc  count                          
202000bd  current_btn_state_1            
202000be  current_btn_state_2            
202000bf  delay_counter                  
20200000  gTIMER_0Backup                 
00000000  interruptVectors               
202000c0  lstable_btn_state_1            
202000c1  lstable_btn_state_2            
000001c1  main                           
00000285  memcpy                         
202000c2  previous_btn_state_1           
202000c3  previous_btn_state_2           


GLOBAL SYMBOLS: SORTED BY Symbol Address 

address   name                           
-------   ----                           
00000000  __TI_ATRegion0_region_sz       
00000000  __TI_ATRegion0_src_addr        
00000000  __TI_ATRegion0_trg_addr        
00000000  __TI_ATRegion1_region_sz       
00000000  __TI_ATRegion1_src_addr        
00000000  __TI_ATRegion1_trg_addr        
00000000  __TI_ATRegion2_region_sz       
00000000  __TI_ATRegion2_src_addr        
00000000  __TI_ATRegion2_trg_addr        
00000000  __TI_static_base__             
00000000  interruptVectors               
000000c1  DL_Timer_initTimerMode         
000001c1  main                           
00000200  __STACK_SIZE                   
00000285  memcpy                         
0000031f  ADC0_IRQHandler                
0000031f  ADC1_IRQHandler                
0000031f  AES_IRQHandler                 
0000031f  CANFD0_IRQHandler              
0000031f  DAC0_IRQHandler                
0000031f  DMA_IRQHandler                 
0000031f  Default_Handler                
0000031f  GROUP0_IRQHandler              
0000031f  GROUP1_IRQHandler              
0000031f  HardFault_Handler              
0000031f  I2C0_IRQHandler                
0000031f  I2C1_IRQHandler                
0000031f  NMI_Handler                    
0000031f  PendSV_Handler                 
0000031f  RTC_IRQHandler                 
0000031f  SPI0_IRQHandler                
0000031f  SPI1_IRQHandler                
0000031f  SVC_Handler                    
0000031f  SysTick_Handler                
0000031f  TIMA1_IRQHandler               
0000031f  TIMG0_IRQHandler               
0000031f  TIMG12_IRQHandler              
0000031f  TIMG6_IRQHandler               
0000031f  TIMG7_IRQHandler               
0000031f  TIMG8_IRQHandler               
0000031f  UART0_IRQHandler               
0000031f  UART1_IRQHandler               
0000031f  UART2_IRQHandler               
0000031f  UART3_IRQHandler               
00000321  __TI_decompress_lzss           
00000399  TIMA0_IRQHandler               
000003e9  SYSCFG_DL_GPIO_init            
00000431  SYSCFG_DL_SYSCTL_init          
00000471  DL_Timer_setCaptureCompareCtl  
000004ad  __TI_auto_init_nobinit_nopinit 
000004e9  SYSCFG_DL_TIMER_0_init         
00000521  DL_Timer_setClockConfig        
00000555  SYSCFG_DL_initPower            
00000589  DL_Timer_setCaptureCompareValue
000005dd  _c_int00_noargs                
00000625  SYSCFG_DL_init                 
0000065d  __TI_zero_init_nomemset        
00000673  DL_Common_delayCycles          
00000687  __TI_decompress_none           
00000699  __aeabi_memcpy                 
00000699  __aeabi_memcpy4                
00000699  __aeabi_memcpy8                
000006a1  Reset_Handler                  
000006a5  _system_pre_init               
000006a8  C$$EXIT                        
000006a9  abort                          
000006d8  __TI_Handler_Table_Base        
000006e4  __TI_Handler_Table_Limit       
000006ec  __TI_CINIT_Base                
000006fc  __TI_CINIT_Limit               
000006fc  __TI_CINIT_Warm                
20200000  __start___llvm_prf_bits        
20200000  __start___llvm_prf_cnts        
20200000  __stop___llvm_prf_bits         
20200000  __stop___llvm_prf_cnts         
20200000  gTIMER_0Backup                 
202000bc  count                          
202000bd  current_btn_state_1            
202000be  current_btn_state_2            
202000bf  delay_counter                  
202000c0  lstable_btn_state_1            
202000c1  lstable_btn_state_2            
202000c2  previous_btn_state_1           
202000c3  previous_btn_state_2           
20207e00  __stack                        
20208000  __STACK_END                    
ffffffff  __TI_pprof_out_hndl            
ffffffff  __TI_prof_data_size            
ffffffff  __TI_prof_data_start           
ffffffff  __binit__                      
ffffffff  binit                          
UNDEFED   __mpu_init                     
UNDEFED   _system_post_cinit             

[93 symbols]
