******************************************************************************
            TI ARM Clang Linker PC v3.2.2                      
******************************************************************************
>> Linked Tue Oct 15 12:41:01 2024

OUTPUT FILE NAME:   <DAC.out>
ENTRY POINT SYMBOL: "_c_int00_noinit_noargs"  address: 000002a1


MEMORY CONFIGURATION

         name            origin    length      used     unused   attr    fill
----------------------  --------  ---------  --------  --------  ----  --------
  FLASH                 00000000   00020000  00000348  0001fcb8  R  X
  SRAM                  20200000   00008000  00000200  00007e00  RW X
  BCR_CONFIG            41c00000   00000080  00000000  00000080  R   
  BSL_CONFIG            41c00100   00000080  00000000  00000080  R   


SEGMENT ALLOCATION MAP

run origin  load origin   length   init length attrs members
----------  ----------- ---------- ----------- ----- -------
00000000    00000000    00000348   00000348    r-x
  00000000    00000000    000000c0   000000c0    r-- .intvecs
  000000c0    000000c0    00000258   00000258    r-x .text
  00000318    00000318    00000030   00000030    r-- .rodata
20207e00    20207e00    00000200   00000000    rw-
  20207e00    20207e00    00000200   00000000    rw- .stack


SECTION ALLOCATION MAP

 output                                  attributes/
section   page    origin      length       input sections
--------  ----  ----------  ----------   ----------------
.intvecs   0    00000000    000000c0     
                  00000000    000000c0     startup_mspm0g350x_ticlang.o (.intvecs)

.text      0    000000c0    00000258     
                  000000c0    00000078     driverlib.a : dl_dac12.o (.text.DL_DAC12_init)
                  00000138    00000050     ti_msp_dl_config.o (.text.SYSCFG_DL_SYSCTL_init)
                  00000188    00000040     ti_msp_dl_config.o (.text.SYSCFG_DL_initPower)
                  000001c8    00000034     driverlib.a : dl_vref.o (.text.DL_VREF_configReference)
                  000001fc    00000030                 : dl_dac12.o (.text.DL_DAC12_configDataFormat)
                  0000022c    00000028                 : dl_dac12.o (.text.DL_Common_updateReg)
                  00000254    00000028     DAC.o (.text.main)
                  0000027c    00000024     ti_msp_dl_config.o (.text.SYSCFG_DL_DAC12_init)
                  000002a0    00000020     libc.a : boot_cortex_m.c.obj (.text:_c_int00_noinit_noargs)
                  000002c0    0000001c     ti_msp_dl_config.o (.text.SYSCFG_DL_VREF_init)
                  000002dc    00000018     ti_msp_dl_config.o (.text.SYSCFG_DL_init)
                  000002f4    00000014     driverlib.a : dl_common.o (.text.DL_Common_delayCycles)
                  00000308    00000004     startup_mspm0g350x_ticlang.o (.text.Reset_Handler)
                  0000030c    00000004     libc.a : pre_init.c.obj (.text._system_pre_init)
                  00000310    00000004            : exit.c.obj (.text:abort)
                  00000314    00000002     startup_mspm0g350x_ticlang.o (.text.Default_Handler)
                  00000316    00000002     ti_msp_dl_config.o (.text.SYSCFG_DL_GPIO_init)

.cinit     0    00000000    00000000     

.rodata    0    00000318    00000030     
                  00000318    00000020     ti_msp_dl_config.o (.rodata.gDAC12Config)
                  00000338    0000000c     ti_msp_dl_config.o (.rodata.gVREFConfig)
                  00000344    00000004     --HOLE-- [fill = 0]

.init_array 
*          0    00000000    00000000     UNINITIALIZED

.binit     0    00000000    00000000     

.stack     0    20207e00    00000200     UNINITIALIZED
                  20207e00    00000004     libc.a : boot_cortex_m.c.obj (.stack)
                  20207e04    000001fc     --HOLE--

__llvm_prf_cnts 
*          0    20200000    00000000     UNINITIALIZED

__llvm_prf_bits 
*          0    20200000    00000000     UNINITIALIZED

MODULE SUMMARY

       Module                         code   ro data   rw data
       ------                         ----   -------   -------
    .\
       ti_msp_dl_config.o             234    44        0      
       startup_mspm0g350x_ticlang.o   6      192       0      
       DAC.o                          40     0         0      
    +--+------------------------------+------+---------+---------+
       Total:                         280    236       0      
                                                              
    C:/ti/mspm0_sdk_2_02_00_05/source/ti/driverlib/lib/ticlang/m0p/mspm0g1x0x_g3x0x/driverlib.a
       dl_dac12.o                     208    0         0      
       dl_vref.o                      52     0         0      
       dl_common.o                    20     0         0      
    +--+------------------------------+------+---------+---------+
       Total:                         280    0         0      
                                                              
    C:\ti\ccs1271\ccs\tools\compiler\ti-cgt-armllvm_3.2.2.LTS\lib\armv6m-ti-none-eabi/c/libc.a
       boot_cortex_m.c.obj            32     0         0      
       exit.c.obj                     4      0         0      
       pre_init.c.obj                 4      0         0      
    +--+------------------------------+------+---------+---------+
       Total:                         40     0         0      
                                                              
       Stack:                         0      0         512    
    +--+------------------------------+------+---------+---------+
       Grand Total:                   600    236       512    


GLOBAL SYMBOLS: SORTED ALPHABETICALLY BY Name 

address   name                    
-------   ----                    
00000315  ADC0_IRQHandler         
00000315  ADC1_IRQHandler         
00000315  AES_IRQHandler          
00000310  C$$EXIT                 
00000315  CANFD0_IRQHandler       
00000315  DAC0_IRQHandler         
000002f5  DL_Common_delayCycles   
000000c1  DL_DAC12_init           
000001c9  DL_VREF_configReference 
00000315  DMA_IRQHandler          
00000315  Default_Handler         
00000315  GROUP0_IRQHandler       
00000315  GROUP1_IRQHandler       
00000315  HardFault_Handler       
00000315  I2C0_IRQHandler         
00000315  I2C1_IRQHandler         
00000315  NMI_Handler             
00000315  PendSV_Handler          
00000315  RTC_IRQHandler          
00000309  Reset_Handler           
00000315  SPI0_IRQHandler         
00000315  SPI1_IRQHandler         
00000315  SVC_Handler             
0000027d  SYSCFG_DL_DAC12_init    
00000317  SYSCFG_DL_GPIO_init     
00000139  SYSCFG_DL_SYSCTL_init   
000002c1  SYSCFG_DL_VREF_init     
000002dd  SYSCFG_DL_init          
00000189  SYSCFG_DL_initPower     
00000315  SysTick_Handler         
00000315  TIMA0_IRQHandler        
00000315  TIMA1_IRQHandler        
00000315  TIMG0_IRQHandler        
00000315  TIMG12_IRQHandler       
00000315  TIMG6_IRQHandler        
00000315  TIMG7_IRQHandler        
00000315  TIMG8_IRQHandler        
00000315  UART0_IRQHandler        
00000315  UART1_IRQHandler        
00000315  UART2_IRQHandler        
00000315  UART3_IRQHandler        
20208000  __STACK_END             
00000200  __STACK_SIZE            
00000000  __TI_ATRegion0_region_sz
00000000  __TI_ATRegion0_src_addr 
00000000  __TI_ATRegion0_trg_addr 
00000000  __TI_ATRegion1_region_sz
00000000  __TI_ATRegion1_src_addr 
00000000  __TI_ATRegion1_trg_addr 
00000000  __TI_ATRegion2_region_sz
00000000  __TI_ATRegion2_src_addr 
00000000  __TI_ATRegion2_trg_addr 
00000000  __TI_CINIT_Base         
00000000  __TI_CINIT_Limit        
00000000  __TI_CINIT_Warm         
ffffffff  __TI_pprof_out_hndl     
ffffffff  __TI_prof_data_size     
ffffffff  __TI_prof_data_start    
00000000  __TI_static_base__      
ffffffff  __binit__               
UNDEFED   __mpu_init              
20207e00  __stack                 
20200000  __start___llvm_prf_bits 
20200000  __start___llvm_prf_cnts 
20200000  __stop___llvm_prf_bits  
20200000  __stop___llvm_prf_cnts  
000002a1  _c_int00_noinit_noargs  
0000030d  _system_pre_init        
00000311  abort                   
ffffffff  binit                   
00000000  interruptVectors        
00000255  main                    


GLOBAL SYMBOLS: SORTED BY Symbol Address 

address   name                    
-------   ----                    
00000000  __TI_ATRegion0_region_sz
00000000  __TI_ATRegion0_src_addr 
00000000  __TI_ATRegion0_trg_addr 
00000000  __TI_ATRegion1_region_sz
00000000  __TI_ATRegion1_src_addr 
00000000  __TI_ATRegion1_trg_addr 
00000000  __TI_ATRegion2_region_sz
00000000  __TI_ATRegion2_src_addr 
00000000  __TI_ATRegion2_trg_addr 
00000000  __TI_CINIT_Base         
00000000  __TI_CINIT_Limit        
00000000  __TI_CINIT_Warm         
00000000  __TI_static_base__      
00000000  interruptVectors        
000000c1  DL_DAC12_init           
00000139  SYSCFG_DL_SYSCTL_init   
00000189  SYSCFG_DL_initPower     
000001c9  DL_VREF_configReference 
00000200  __STACK_SIZE            
00000255  main                    
0000027d  SYSCFG_DL_DAC12_init    
000002a1  _c_int00_noinit_noargs  
000002c1  SYSCFG_DL_VREF_init     
000002dd  SYSCFG_DL_init          
000002f5  DL_Common_delayCycles   
00000309  Reset_Handler           
0000030d  _system_pre_init        
00000310  C$$EXIT                 
00000311  abort                   
00000315  ADC0_IRQHandler         
00000315  ADC1_IRQHandler         
00000315  AES_IRQHandler          
00000315  CANFD0_IRQHandler       
00000315  DAC0_IRQHandler         
00000315  DMA_IRQHandler          
00000315  Default_Handler         
00000315  GROUP0_IRQHandler       
00000315  GROUP1_IRQHandler       
00000315  HardFault_Handler       
00000315  I2C0_IRQHandler         
00000315  I2C1_IRQHandler         
00000315  NMI_Handler             
00000315  PendSV_Handler          
00000315  RTC_IRQHandler          
00000315  SPI0_IRQHandler         
00000315  SPI1_IRQHandler         
00000315  SVC_Handler             
00000315  SysTick_Handler         
00000315  TIMA0_IRQHandler        
00000315  TIMA1_IRQHandler        
00000315  TIMG0_IRQHandler        
00000315  TIMG12_IRQHandler       
00000315  TIMG6_IRQHandler        
00000315  TIMG7_IRQHandler        
00000315  TIMG8_IRQHandler        
00000315  UART0_IRQHandler        
00000315  UART1_IRQHandler        
00000315  UART2_IRQHandler        
00000315  UART3_IRQHandler        
00000317  SYSCFG_DL_GPIO_init     
20200000  __start___llvm_prf_bits 
20200000  __start___llvm_prf_cnts 
20200000  __stop___llvm_prf_bits  
20200000  __stop___llvm_prf_cnts  
20207e00  __stack                 
20208000  __STACK_END             
ffffffff  __TI_pprof_out_hndl     
ffffffff  __TI_prof_data_size     
ffffffff  __TI_prof_data_start    
ffffffff  __binit__               
ffffffff  binit                   
UNDEFED   __mpu_init              

[72 symbols]
